Component: ARM Compiler 5.06 update 7 (build 960) Tool: armlink [4d3601]

==============================================================================

Section Cross References

    startup_stm32f407xx.o(STACK) refers (Special) to heapauxi.o(.text) for __use_two_region_memory
    startup_stm32f407xx.o(HEAP) refers (Special) to heapauxi.o(.text) for __use_two_region_memory
    startup_stm32f407xx.o(RESET) refers (Special) to heapauxi.o(.text) for __use_two_region_memory
    startup_stm32f407xx.o(RESET) refers to startup_stm32f407xx.o(STACK) for __initial_sp
    startup_stm32f407xx.o(RESET) refers to startup_stm32f407xx.o(.text) for Reset_Handler
    startup_stm32f407xx.o(RESET) refers to stm32f4xx_it.o(i.NMI_Handler) for NMI_Handler
    startup_stm32f407xx.o(RESET) refers to stm32f4xx_it.o(i.HardFault_Handler) for HardFault_Handler
    startup_stm32f407xx.o(RESET) refers to stm32f4xx_it.o(i.MemManage_Handler) for MemManage_Handler
    startup_stm32f407xx.o(RESET) refers to stm32f4xx_it.o(i.BusFault_Handler) for BusFault_Handler
    startup_stm32f407xx.o(RESET) refers to stm32f4xx_it.o(i.UsageFault_Handler) for UsageFault_Handler
    startup_stm32f407xx.o(RESET) refers to stm32f4xx_it.o(i.SVC_Handler) for SVC_Handler
    startup_stm32f407xx.o(RESET) refers to stm32f4xx_it.o(i.DebugMon_Handler) for DebugMon_Handler
    startup_stm32f407xx.o(RESET) refers to stm32f4xx_it.o(i.PendSV_Handler) for PendSV_Handler
    startup_stm32f407xx.o(RESET) refers to stm32f4xx_it.o(i.SysTick_Handler) for SysTick_Handler
    startup_stm32f407xx.o(RESET) refers to stm32f4xx_it.o(i.EXTI9_5_IRQHandler) for EXTI9_5_IRQHandler
    startup_stm32f407xx.o(RESET) refers to stm32f4xx_it.o(i.TIM6_DAC_IRQHandler) for TIM6_DAC_IRQHandler
    startup_stm32f407xx.o(.text) refers (Special) to heapauxi.o(.text) for __use_two_region_memory
    startup_stm32f407xx.o(.text) refers to system_stm32f4xx.o(i.SystemInit) for SystemInit
    startup_stm32f407xx.o(.text) refers to __main.o(!!!main) for __main
    startup_stm32f407xx.o(.text) refers to startup_stm32f407xx.o(HEAP) for Heap_Mem
    startup_stm32f407xx.o(.text) refers to startup_stm32f407xx.o(STACK) for Stack_Mem
    main.o(i.SystemClock_Config) refers to rt_memclr_w.o(.text) for __aeabi_memclr4
    main.o(i.SystemClock_Config) refers to stm32f4xx_hal_rcc.o(i.HAL_RCC_OscConfig) for HAL_RCC_OscConfig
    main.o(i.SystemClock_Config) refers to stm32f4xx_hal_rcc.o(i.HAL_RCC_ClockConfig) for HAL_RCC_ClockConfig
    main.o(i.main) refers to stm32f4xx_hal.o(i.HAL_Init) for HAL_Init
    main.o(i.main) refers to main.o(i.SystemClock_Config) for SystemClock_Config
    main.o(i.main) refers to gpio.o(i.MX_GPIO_Init) for MX_GPIO_Init
    main.o(i.main) refers to tim.o(i.MX_TIM1_Init) for MX_TIM1_Init
    main.o(i.main) refers to tim.o(i.MX_TIM2_Init) for MX_TIM2_Init
    main.o(i.main) refers to tim.o(i.MX_TIM3_Init) for MX_TIM3_Init
    main.o(i.main) refers to tim.o(i.MX_TIM4_Init) for MX_TIM4_Init
    main.o(i.main) refers to tim.o(i.MX_TIM6_Init) for MX_TIM6_Init
    main.o(i.main) refers to tim.o(i.MX_TIM8_Init) for MX_TIM8_Init
    main.o(i.main) refers to stm32f4xx_hal_tim.o(i.HAL_TIM_Base_Start_IT) for HAL_TIM_Base_Start_IT
    main.o(i.main) refers to control.o(i.PID_Init) for PID_Init
    main.o(i.main) refers to motor.o(i.Motor_Init) for Motor_Init
    main.o(i.main) refers to encoder.o(i.Motor_Encoder_Init) for Motor_Encoder_Init
    main.o(i.main) refers to duoji.o(i.DuoJi_Init) for DuoJi_Init
    main.o(i.main) refers to tcs320.o(i.TCS320_Init) for TCS320_Init
    main.o(i.main) refers to duoji.o(i.DUOJI_Control) for DUOJI_Control
    main.o(i.main) refers to tcs320.o(i.TCS3200_Planning) for TCS3200_Planning
    main.o(i.main) refers to tim.o(.bss) for htim6
    main.o(i.main) refers to main.o(.data) for .data
    gpio.o(i.MX_GPIO_Init) refers to rt_memclr_w.o(.text) for __aeabi_memclr4
    gpio.o(i.MX_GPIO_Init) refers to stm32f4xx_hal_gpio.o(i.HAL_GPIO_WritePin) for HAL_GPIO_WritePin
    gpio.o(i.MX_GPIO_Init) refers to stm32f4xx_hal_gpio.o(i.HAL_GPIO_Init) for HAL_GPIO_Init
    gpio.o(i.MX_GPIO_Init) refers to stm32f4xx_hal_cortex.o(i.HAL_NVIC_SetPriority) for HAL_NVIC_SetPriority
    gpio.o(i.MX_GPIO_Init) refers to stm32f4xx_hal_cortex.o(i.HAL_NVIC_EnableIRQ) for HAL_NVIC_EnableIRQ
    tim.o(i.HAL_TIM_Base_MspDeInit) refers to stm32f4xx_hal_cortex.o(i.HAL_NVIC_DisableIRQ) for HAL_NVIC_DisableIRQ
    tim.o(i.HAL_TIM_Base_MspInit) refers to stm32f4xx_hal_cortex.o(i.HAL_NVIC_SetPriority) for HAL_NVIC_SetPriority
    tim.o(i.HAL_TIM_Base_MspInit) refers to stm32f4xx_hal_cortex.o(i.HAL_NVIC_EnableIRQ) for HAL_NVIC_EnableIRQ
    tim.o(i.HAL_TIM_Encoder_MspDeInit) refers to stm32f4xx_hal_gpio.o(i.HAL_GPIO_DeInit) for HAL_GPIO_DeInit
    tim.o(i.HAL_TIM_Encoder_MspInit) refers to rt_memclr_w.o(.text) for __aeabi_memclr4
    tim.o(i.HAL_TIM_Encoder_MspInit) refers to stm32f4xx_hal_gpio.o(i.HAL_GPIO_Init) for HAL_GPIO_Init
[...]
    ..\Drivers\STM32F4xx_HAL_Driver\Src\stm32f4xx_hal_gpio.c 0x00000000   Number         0  stm32f4xx_hal_gpio.o ABSOLUTE
    ..\Drivers\STM32F4xx_HAL_Driver\Src\stm32f4xx_hal_pwr.c 0x00000000   Number         0  stm32f4xx_hal_pwr.o ABSOLUTE
    ..\Drivers\STM32F4xx_HAL_Driver\Src\stm32f4xx_hal_pwr_ex.c 0x00000000   Number         0  stm32f4xx_hal_pwr_ex.o ABSOLUTE
    ..\Drivers\STM32F4xx_HAL_Driver\Src\stm32f4xx_hal_rcc.c 0x00000000   Number         0  stm32f4xx_hal_rcc.o ABSOLUTE
    ..\Drivers\STM32F4xx_HAL_Driver\Src\stm32f4xx_hal_rcc_ex.c 0x00000000   Number         0  stm32f4xx_hal_rcc_ex.o ABSOLUTE
    ..\Drivers\STM32F4xx_HAL_Driver\Src\stm32f4xx_hal_tim.c 0x00000000   Number         0  stm32f4xx_hal_tim.o ABSOLUTE
    ..\Drivers\STM32F4xx_HAL_Driver\Src\stm32f4xx_hal_tim_ex.c 0x00000000   Number         0  stm32f4xx_hal_tim_ex.o ABSOLUTE
    ..\User\DuoJi.c                          0x00000000   Number         0  duoji.o ABSOLUTE
    ..\User\Encoder.c                        0x00000000   Number         0  encoder.o ABSOLUTE
    ..\User\Motor.c                          0x00000000   Number         0  motor.o ABSOLUTE
    ..\User\Path_planning.c                  0x00000000   Number         0  path_planning.o ABSOLUTE
    ..\User\TCS320.c                         0x00000000   Number         0  tcs320.o ABSOLUTE
    ..\User\Track.c                          0x00000000   Number         0  track.o ABSOLUTE
    ..\User\control.c                        0x00000000   Number         0  control.o ABSOLUTE
    ..\\User\\DuoJi.c                        0x00000000   Number         0  duoji.o ABSOLUTE
    ..\\User\\Encoder.c                      0x00000000   Number         0  encoder.o ABSOLUTE
    ..\\User\\Motor.c                        0x00000000   Number         0  motor.o ABSOLUTE
    ..\\User\\Path_planning.c                0x00000000   Number         0  path_planning.o ABSOLUTE
    ..\\User\\TCS320.c                       0x00000000   Number         0  tcs320.o ABSOLUTE
    ..\\User\\Track.c                        0x00000000   Number         0  track.o ABSOLUTE
    ..\\User\\control.c                      0x00000000   Number         0  control.o ABSOLUTE
    dc.s                                     0x00000000   Number         0  dc.o ABSOLUTE
    startup_stm32f407xx.s                    0x00000000   Number         0  startup_stm32f407xx.o ABSOLUTE
    RESET                                    0x08000000   Section      392  startup_stm32f407xx.o(RESET)
    !!!main                                  0x08000188   Section        8  __main.o(!!!main)
    !!!scatter                               0x08000190   Section       52  __scatter.o(!!!scatter)
    !!handler_copy                           0x080001c4   Section       26  __scatter_copy.o(!!handler_copy)
    !!handler_zi                             0x080001e0   Section       28  __scatter_zi.o(!!handler_zi)
    .ARM.Collect$$libinit$$00000000          0x080001fc   Section        2  libinit.o(.ARM.Collect$$libinit$$00000000)
    .ARM.Collect$$libinit$$00000001          0x080001fe   Section        4  libinit2.o(.ARM.Collect$$libinit$$00000001)
    .ARM.Collect$$libinit$$00000004          0x08000202   Section        0  libinit2.o(.ARM.Collect$$libinit$$00000004)
    .ARM.Collect$$libinit$$0000000A          0x08000202   Section        0  libinit2.o(.ARM.Collect$$libinit$$0000000A)
    .ARM.Collect$$libinit$$0000000C          0x08000202   Section        0  libinit2.o(.ARM.Collect$$libinit$$0000000C)
    .ARM.Collect$$libinit$$0000000E          0x08000202   Section        0  libinit2.o(.ARM.Collect$$libinit$$0000000E)
    .ARM.Collect$$libinit$$00000011          0x08000202   Section        0  libinit2.o(.ARM.Collect$$libinit$$00000011)
    .ARM.Collect$$libinit$$00000013          0x08000202   Section        0  libinit2.o(.ARM.Collect$$libinit$$00000013)
    .ARM.Collect$$libinit$$00000015          0x08000202   Section        0  libinit2.o(.ARM.Collect$$libinit$$00000015)
    .ARM.Collect$$libinit$$00000017          0x08000202   Section        0  libinit2.o(.ARM.Collect$$libinit$$00000017)
    .ARM.Collect$$libinit$$00000019          0x08000202   Section        0  libinit2.o(.ARM.Collect$$libinit$$00000019)
    .ARM.Collect$$libinit$$0000001B          0x08000202   Section        0  libinit2.o(.ARM.Collect$$libinit$$0000001B)
    .ARM.Collect$$libinit$$0000001D          0x08000202   Section        0  libinit2.o(.ARM.Collect$$libinit$$0000001D)
    .ARM.Collect$$libinit$$0000001F          0x08000202   Section        0  libinit2.o(.ARM.Collect$$libinit$$0000001F)
    .ARM.Collect$$libinit$$00000021          0x08000202   Section        0  libinit2.o(.ARM.Collect$$libinit$$00000021)
    .ARM.Collect$$libinit$$00000023          0x08000202   Section        0  libinit2.o(.ARM.Collect$$libinit$$00000023)
    .ARM.Collect$$libinit$$00000025          0x08000202   Section        0  libinit2.o(.ARM.Collect$$libinit$$00000025)
    .ARM.Collect$$libinit$$0000002C          0x08000202   Section        0  libinit2.o(.ARM.Collect$$libinit$$0000002C)
    .ARM.Collect$$libinit$$0000002E          0x08000202   Section        0  libinit2.o(.ARM.Collect$$libinit$$0000002E)
    .ARM.Collect$$libinit$$00000030          0x08000202   Section        0  libinit2.o(.ARM.Collect$$libinit$$00000030)
    .ARM.Collect$$libinit$$00000032          0x08000202   Section        0  libinit2.o(.ARM.Collect$$libinit$$00000032)
    .ARM.Collect$$libinit$$00000033          0x08000202   Section        2  libinit2.o(.ARM.Collect$$libinit$$00000033)
    .ARM.Collect$$libshutdown$$00000000      0x08000204   Section        2  libshutdown.o(.ARM.Collect$$libshutdown$$00000000)
    .ARM.Collect$$libshutdown$$00000002      0x08000206   Section        0  libshutdown2.o(.ARM.Collect$$libshutdown$$00000002)
    .ARM.Collect$$libshutdown$$00000004      0x08000206   Section        0  libshutdown2.o(.ARM.Collect$$libshutdown$$00000004)
    .ARM.Collect$$libshutdown$$00000006      0x08000206   Section        0  libshutdown2.o(.ARM.Collect$$libshutdown$$00000006)
    .ARM.Collect$$libshutdown$$00000009      0x08000206   Section        0  libshutdown2.o(.ARM.Collect$$libshutdown$$00000009)
    .ARM.Collect$$libshutdown$$0000000C      0x08000206   Section        0  libshutdown2.o(.ARM.Collect$$libshutdown$$0000000C)
    .ARM.Collect$$libshutdown$$0000000E      0x08000206   Section        0  libshutdown2.o(.ARM.Collect$$libshutdown$$0000000E)
    .ARM.Collect$$libshutdown$$00000011      0x08000206   Section        0  libshutdown2.o(.ARM.Collect$$libshutdown$$00000011)
    .ARM.Collect$$libshutdown$$00000012      0x08000206   Section        2  libshutdown2.o(.ARM.Collect$$libshutdown$$00000012)
    .ARM.Collect$$rtentry$$00000000          0x08000208   Section        0  __rtentry.o(.ARM.Collect$$rtentry$$00000000)
    .ARM.Collect$$rtentry$$00000002          0x08000208   Section        0  __rtentry2.o(.ARM.Collect$$rtentry$$00000002)
    .ARM.Collect$$rtentry$$00000004          0x08000208   Section        6  __rtentry4.o(.ARM.Collect$$rtentry$$00000004)
    .ARM.Collect$$rtentry$$00000009          0x0800020e   Section        0  __rtentry2.o(.ARM.Collect$$rtentry$$00000009)
    .ARM.Collect$$rtentry$$0000000A          0x0800020e   Section        4  __rtentry2.o(.ARM.Collect$$rtentry$$0000000A)
    .ARM.Collect$$rtentry$$0000000C          0x08000212   Section        0  __rtentry2.o(.ARM.Collect$$rtentry$$0000000C)
    .ARM.Collect$$rtentry$$0000000D          0x08000212   Section        8  __rtentry2.o(.ARM.Collect$$rtentry$$0000000D)
    .ARM.Collect$$rtexit$$00000000           0x0800021a   Section        2  rtexit.o(.ARM.Collect$$rtexit$$00000000)
    .ARM.Collect$$rtexit$$00000002           0x0800021c   Section        0  rtexit2.o(.ARM.Collect$$rtexit$$00000002)
    .ARM.Collect$$rtexit$$00000003           0x0800021c   Section        4  rtexit2.o(.ARM.Collect$$rtexit$$00000003)
    .ARM.Collect$$rtexit$$00000004           0x08000220   Section        6  rtexit2.o(.ARM.Collect$$rtexit$$00000004)
    .text                                    0x08000228   Section       64  startup_stm32f407xx.o(.text)
    $v0                                      0x08000228   Number         0  startup_stm32f407xx.o(.text)
    .text                                    0x08000268   Section      238  lludivv7m.o(.text)
    .text                                    0x08000356   Section       78  rt_memclr_w.o(.text)
    .text                                    0x080003a4   Section        0  heapauxi.o(.text)
    .text                                    0x080003aa   Section       74  sys_stackheap_outer.o(.text)
    .text                                    0x080003f4   Section        0  exit.o(.text)
    .text                                    0x08000408   Section        8  libspace.o(.text)
    .text                                    0x08000410   Section        0  sys_exit.o(.text)
    .text                                    0x0800041c   Section        2  use_no_semi.o(.text)
    .text                                    0x0800041e   Section        0  indicate_semi.o(.text)
    i.BusFault_Handler                       0x0800041e   Section        0  stm32f4xx_it.o(i.BusFault_Handler)
    i.DUOJI_Control                          0x08000420   Section        0  duoji.o(i.DUOJI_Control)
    i.DebugMon_Handler                       0x08000610   Section        0  stm32f4xx_it.o(i.DebugMon_Handler)
    i.DuoJi_Control                          0x08000614   Section        0  duoji.o(i.DuoJi_Control)
    i.DuoJi_Init                             0x08000690   Section        0  duoji.o(i.DuoJi_Init)
    i.EXTI9_5_IRQHandler                     0x0800071c   Section        0  stm32f4xx_it.o(i.EXTI9_5_IRQHandler)
    i.Error_Handler                          0x08000722   Section        0  main.o(i.Error_Handler)
    i.HAL_Delay                              0x08000728   Section        0  stm32f4xx_hal.o(i.HAL_Delay)
    i.HAL_GPIO_EXTI_Callback                 0x0800074c   Section        0  control.o(i.HAL_GPIO_EXTI_Callback)
    i.HAL_GPIO_EXTI_IRQHandler               0x08000760   Section        0  stm32f4xx_hal_gpio.o(i.HAL_GPIO_EXTI_IRQHandler)
    i.HAL_GPIO_Init                          0x08000778   Section        0  stm32f4xx_hal_gpio.o(i.HAL_GPIO_Init)
    i.HAL_GPIO_ReadPin                       0x08000968   Section        0  stm32f4xx_hal_gpio.o(i.HAL_GPIO_ReadPin)
    i.HAL_GPIO_WritePin                      0x08000972   Section        0  stm32f4xx_hal_gpio.o(i.HAL_GPIO_WritePin)
    i.HAL_GetTick                            0x0800097c   Section        0  stm32f4xx_hal.o(i.HAL_GetTick)
    i.HAL_IncTick                            0x08000988   Section        0  stm32f4xx_hal.o(i.HAL_IncTick)
    i.HAL_Init                               0x08000998   Section        0  stm32f4xx_hal.o(i.HAL_Init)
    i.HAL_InitTick                           0x080009cc   Section        0  stm32f4xx_hal.o(i.HAL_InitTick)
    i.HAL_MspInit                            0x08000a0c   Section        0  stm32f4xx_hal_msp.o(i.HAL_MspInit)
    i.HAL_NVIC_EnableIRQ                     0x08000a3c   Section        0  stm32f4xx_hal_cortex.o(i.HAL_NVIC_EnableIRQ)
    i.HAL_NVIC_SetPriority                   0x08000a58   Section        0  stm32f4xx_hal_cortex.o(i.HAL_NVIC_SetPriority)
    i.HAL_NVIC_SetPriorityGrouping           0x08000a98   Section        0  stm32f4xx_hal_cortex.o(i.HAL_NVIC_SetPriorityGrouping)
    i.HAL_RCC_ClockConfig                    0x08000abc   Section        0  stm32f4xx_hal_rcc.o(i.HAL_RCC_ClockConfig)
    i.HAL_RCC_GetSysClockFreq                0x08000bf0   Section        0  stm32f4xx_hal_rcc.o(i.HAL_RCC_GetSysClockFreq)
    i.HAL_RCC_OscConfig                      0x08000c50   Section        0  stm32f4xx_hal_rcc.o(i.HAL_RCC_OscConfig)
    i.HAL_SYSTICK_Config                     0x08000fbc   Section        0  stm32f4xx_hal_cortex.o(i.HAL_SYSTICK_Config)
    i.HAL_TIMEx_BreakCallback                0x08000fe4   Section        0  stm32f4xx_hal_tim_ex.o(i.HAL_TIMEx_BreakCallback)
    i.HAL_TIMEx_CommutCallback               0x08000fe6   Section        0  stm32f4xx_hal_tim_ex.o(i.HAL_TIMEx_CommutCallback)
    i.HAL_TIMEx_ConfigBreakDeadTime          0x08000fe8   Section        0  stm32f4xx_hal_tim_ex.o(i.HAL_TIMEx_ConfigBreakDeadTime)
    i.HAL_TIMEx_MasterConfigSynchronization  0x0800103c   Section        0  stm32f4xx_hal_tim_ex.o(i.HAL_TIMEx_MasterConfigSynchronization)
    i.HAL_TIM_Base_Init                      0x080010cc   Section        0  stm32f4xx_hal_tim.o(i.HAL_TIM_Base_Init)
    i.HAL_TIM_Base_MspInit                   0x08001128   Section        0  tim.o(i.HAL_TIM_Base_MspInit)
    i.HAL_TIM_Base_Start_IT                  0x080011b4   Section        0  stm32f4xx_hal_tim.o(i.HAL_TIM_Base_Start_IT)
    i.HAL_TIM_ConfigClockSource              0x08001234   Section        0  stm32f4xx_hal_tim.o(i.HAL_TIM_ConfigClockSource)
    i.HAL_TIM_Encoder_Init                   0x08001310   Section        0  stm32f4xx_hal_tim.o(i.HAL_TIM_Encoder_Init)
    i.HAL_TIM_Encoder_MspInit                0x080013b4   Section        0  tim.o(i.HAL_TIM_Encoder_MspInit)
    i.HAL_TIM_Encoder_Start                  0x08001454   Section        0  stm32f4xx_hal_tim.o(i.HAL_TIM_Encoder_Start)
    i.HAL_TIM_IC_CaptureCallback             0x080014e2   Section        0  stm32f4xx_hal_tim.o(i.HAL_TIM_IC_CaptureCallback)
    i.HAL_TIM_IRQHandler                     0x080014e4   Section        0  stm32f4xx_hal_tim.o(i.HAL_TIM_IRQHandler)
    i.HAL_TIM_MspPostInit                    0x08001614   Section        0  tim.o(i.HAL_TIM_MspPostInit)
    i.HAL_TIM_OC_DelayElapsedCallback        0x080016d0   Section        0  stm32f4xx_hal_tim.o(i.HAL_TIM_OC_DelayElapsedCallback)
    i.HAL_TIM_PWM_ConfigChannel              0x080016d2   Section        0  stm32f4xx_hal_tim.o(i.HAL_TIM_PWM_ConfigChannel)
    i.HAL_TIM_PWM_Init                       0x0800179e   Section        0  stm32f4xx_hal_tim.o(i.HAL_TIM_PWM_Init)
    i.HAL_TIM_PWM_MspInit                    0x080017f8   Section        0  stm32f4xx_hal_tim.o(i.HAL_TIM_PWM_MspInit)
    i.HAL_TIM_PWM_PulseFinishedCallback      0x080017fa   Section        0  stm32f4xx_hal_tim.o(i.HAL_TIM_PWM_PulseFinishedCallback)
    i.HAL_TIM_PWM_Start                      0x080017fc   Section        0  stm32f4xx_hal_tim.o(i.HAL_TIM_PWM_Start)
    i.HAL_TIM_PeriodElapsedCallback          0x080018c4   Section        0  control.o(i.HAL_TIM_PeriodElapsedCallback)
    i.HAL_TIM_TriggerCallback                0x08001964   Section        0  stm32f4xx_hal_tim.o(i.HAL_TIM_TriggerCallback)
    i.HardFault_Handler                      0x08001966   Section        0  stm32f4xx_it.o(i.HardFault_Handler)
    i.MX_GPIO_Init                           0x08001968   Section        0  gpio.o(i.MX_GPIO_Init)
    i.MX_TIM1_Init                           0x08001acc   Section        0  tim.o(i.MX_TIM1_Init)
    i.MX_TIM2_Init                           0x08001ba4   Section        0  tim.o(i.MX_TIM2_Init)
    i.MX_TIM3_Init                           0x08001c0c   Section        0  tim.o(i.MX_TIM3_Init)
    i.MX_TIM4_Init                           0x08001c78   Section        0  tim.o(i.MX_TIM4_Init)
    i.MX_TIM6_Init                           0x08001d40   Section        0  tim.o(i.MX_TIM6_Init)
    i.MX_TIM8_Init                           0x08001d84   Section        0  tim.o(i.MX_TIM8_Init)
    i.MemManage_Handler                      0x08001e7c   Section        0  stm32f4xx_it.o(i.MemManage_Handler)
    i.Motor_Encoder_Init                     0x08001e80   Section        0  encoder.o(i.Motor_Encoder_Init)
    i.Motor_Init                             0x08001ea0   Section        0  motor.o(i.Motor_Init)
    i.NMI_Handler                            0x08001ef4   Section        0  stm32f4xx_it.o(i.NMI_Handler)
    i.PID_Calc_Motor_Left                    0x08001ef8   Section        0  control.o(i.PID_Calc_Motor_Left)
    i.PID_Calc_Motor_Right                   0x08001fc4   Section        0  control.o(i.PID_Calc_Motor_Right)
    i.PID_Init                               0x08002090   Section        0  control.o(i.PID_Init)
    i.PID_Motor_Left_Init                    0x080020d4   Section        0  control.o(i.PID_Motor_Left_Init)
    i.PID_Motor_Right_Init                   0x08002130   Section        0  control.o(i.PID_Motor_Right_Init)
    i.Path_Pl_TaoTong                        0x0800218c   Section        0  path_planning.o(i.Path_Pl_TaoTong)
    i.Path_Planning                          0x08002274   Section        0  path_planning.o(i.Path_Planning)
    i.Path_Planning_TaoTong                  0x080059e0   Section        0  path_planning.o(i.Path_Planning_TaoTong)
    i.Path_Planning_Wuzhua                   0x08005cc0   Section        0  path_planning.o(i.Path_Planning_Wuzhua)
    i.Path_Planning_Wuzhua_TaoTong           0x08005e30   Section        0  path_planning.o(i.Path_Planning_Wuzhua_TaoTong)
    i.PendSV_Handler                         0x08006714   Section        0  stm32f4xx_it.o(i.PendSV_Handler)
    i.Read_Encoder                           0x08006718   Section        0  encoder.o(i.Read_Encoder)
    i.SVC_Handler                            0x08006740   Section        0  stm32f4xx_it.o(i.SVC_Handler)
    i.Set_Pwm                                0x08006744   Section        0  motor.o(i.Set_Pwm)
    i.SysTick_Handler                        0x080067b8   Section        0  stm32f4xx_it.o(i.SysTick_Handler)
    i.SystemClock_Config                     0x080067bc   Section        0  main.o(i.SystemClock_Config)
    i.SystemInit                             0x08006850   Section        0  system_stm32f4xx.o(i.SystemInit)
    i.TCS3200_Color_Re                       0x08006860   Section        0  tcs320.o(i.TCS3200_Color_Re)
    i.TCS3200_Color_Recognition              0x080068d8   Section        0  tcs320.o(i.TCS3200_Color_Recognition)
    i.TCS3200_Mode                           0x0800690c   Section        0  tcs320.o(i.TCS3200_Mode)
    i.TCS3200_Mode_Color                     0x08006954   Section        0  tcs320.o(i.TCS3200_Mode_Color)
    i.TCS3200_Planning                       0x0800699c   Section        0  tcs320.o(i.TCS3200_Planning)
    i.TCS3200_White_balance                  0x080069e4   Section        0  tcs320.o(i.TCS3200_White_balance)
    i.TCS320_Init                            0x08006a84   Section        0  tcs320.o(i.TCS320_Init)
    i.TCS320_XianFu                          0x08006aa8   Section        0  tcs320.o(i.TCS320_XianFu)
    i.TIM6_DAC_IRQHandler                    0x08006ae8   Section        0  stm32f4xx_it.o(i.TIM6_DAC_IRQHandler)
    i.TIM_Base_SetConfig                     0x08006af4   Section        0  stm32f4xx_hal_tim.o(i.TIM_Base_SetConfig)
    i.TIM_CCxChannelCmd                      0x08006bcc   Section        0  stm32f4xx_hal_tim.o(i.TIM_CCxChannelCmd)
    i.TIM_ETR_SetConfig                      0x08006be6   Section        0  stm32f4xx_hal_tim.o(i.TIM_ETR_SetConfig)
    i.TIM_ITRx_SetConfig                     0x08006bfa   Section        0  stm32f4xx_hal_tim.o(i.TIM_ITRx_SetConfig)
    TIM_ITRx_SetConfig                       0x08006bfb   Thumb Code    16  stm32f4xx_hal_tim.o(i.TIM_ITRx_SetConfig)
    i.TIM_OC1_SetConfig                      0x08006c0c   Section        0  stm32f4xx_hal_tim.o(i.TIM_OC1_SetConfig)
    TIM_OC1_SetConfig                        0x08006c0d   Thumb Code    88  stm32f4xx_hal_tim.o(i.TIM_OC1_SetConfig)
    i.TIM_OC2_SetConfig                      0x08006c6c   Section        0  stm32f4xx_hal_tim.o(i.TIM_OC2_SetConfig)
    i.TIM_OC3_SetConfig                      0x08006cd8   Section        0  stm32f4xx_hal_tim.o(i.TIM_OC3_SetConfig)
    TIM_OC3_SetConfig                        0x08006cd9   Thumb Code    96  stm32f4xx_hal_tim.o(i.TIM_OC3_SetConfig)
    i.TIM_OC4_SetConfig                      0x08006d40   Section        0  stm32f4xx_hal_tim.o(i.TIM_OC4_SetConfig)
    TIM_OC4_SetConfig                        0x08006d41   Thumb Code    70  stm32f4xx_hal_tim.o(i.TIM_OC4_SetConfig)
    i.TIM_TI1_ConfigInputStage               0x08006d90   Section        0  stm32f4xx_hal_tim.o(i.TIM_TI1_ConfigInputStage)
    TIM_TI1_ConfigInputStage                 0x08006d91   Thumb Code    34  stm32f4xx_hal_tim.o(i.TIM_TI1_ConfigInputStage)
    i.TIM_TI2_ConfigInputStage               0x08006db2   Section        0  stm32f4xx_hal_tim.o(i.TIM_TI2_ConfigInputStage)
    TIM_TI2_ConfigInputStage                 0x08006db3   Thumb Code    36  stm32f4xx_hal_tim.o(i.TIM_TI2_ConfigInputStage)
    i.TRACKING                               0x08006dd8   Section        0  track.o(i.TRACKING)
    i.Tracking                               0x08007120   Section        0  track.o(i.Tracking)
    i.Tracking_1                             0x08007464   Section        0  track.o(i.Tracking_1)
    i.Tracking_10                            0x080075b4   Section        0  track.o(i.Tracking_10)
    i.Tracking_2                             0x08007640   Section        0  track.o(i.Tracking_2)
    i.Tracking_5                             0x08007870   Section        0  track.o(i.Tracking_5)
    i.Tracking_5WuKaui_Mi                    0x08007930   Section        0  track.o(i.Tracking_5WuKaui_Mi)
    i.Tracking_6                             0x08007e7c   Section        0  track.o(i.Tracking_6)
    i.Tracking_7                             0x08007f34   Section        0  track.o(i.Tracking_7)
    i.Tracking_8                             0x08007ff0   Section        0  track.o(i.Tracking_8)
    i.Tracking_DanWu_DanWu                   0x080080d8   Section        0  track.o(i.Tracking_DanWu_DanWu)
    i.Tracking_Du_Mi                         0x08008214   Section        0  track.o(i.Tracking_Du_Mi)
    i.Tracking_Mi_5WuKaui                    0x080084e0   Section        0  track.o(i.Tracking_Mi_5WuKaui)
    i.Tracking_Mi_Du                         0x080085cc   Section        0  track.o(i.Tracking_Mi_Du)
    i.Tracking_Mi_DuFang                     0x080087bc   Section        0  track.o(i.Tracking_Mi_DuFang)
    i.Tracking_Qi_DanWu                      0x080089b4   Section        0  track.o(i.Tracking_Qi_DanWu)
    i.UsageFault_Handler                     0x08008a80   Section        0  stm32f4xx_it.o(i.UsageFault_Handler)
    i.Yuandi_Zhuan                           0x08008a84   Section        0  motor.o(i.Yuandi_Zhuan)
    i.__NVIC_SetPriority                     0x08009300   Section        0  stm32f4xx_hal_cortex.o(i.__NVIC_SetPriority)
    __NVIC_SetPriority                       0x08009301   Thumb Code    32  stm32f4xx_hal_cortex.o(i.__NVIC_SetPriority)
    i.duoji_Control                          0x08009320   Section        0  duoji.o(i.duoji_Control)
    i.main                                   0x08009408   Section        0  main.o(i.main)
    i.myabs                                  0x08009490   Section        0  motor.o(i.myabs)
    i.rgb                                    0x08009498   Section        0  tcs320.o(i.rgb)
    x$fpl$fpinit                             0x080097ac   Section       10  fpinit.o(x$fpl$fpinit)
    $v0                                      0x080097ac   Number         0  fpinit.o(x$fpl$fpinit)
    .constdata                               0x080097b6   Section       16  system_stm32f4xx.o(.constdata)
    .constdata                               0x080097c8   Section       12  control.o(.constdata)
    .data                                    0x20000000   Section       20  main.o(.data)
    .data                                    0x20000014   Section       20  main.o(.data)
    .data                                    0x20000028   Section        4  main.o(.data)
    .data                                    0x2000002c   Section        4  main.o(.data)
    .data                                    0x20000030   Section        4  main.o(.data)
    .data                                    0x20000034   Section        4  main.o(.data)
    .data                                    0x20000038   Section        4  main.o(.data)
    .data                                    0x2000003c   Section        4  main.o(.data)
    .data                                    0x20000040   Section        4  main.o(.data)
    .data                                    0x20000044   Section        4  main.o(.data)
    .data                                    0x20000048   Section        4  main.o(.data)
    .data                                    0x2000004c   Section        4  main.o(.data)
    .data                                    0x20000050   Section        4  main.o(.data)
    .data                                    0x20000054   Section        4  main.o(.data)
    .data                                    0x20000058   Section        2  main.o(.data)
    .data                                    0x2000005a   Section        2  main.o(.data)
    .data                                    0x2000005c   Section        2  main.o(.data)
    .data                                    0x2000005e   Section        2  main.o(.data)
    .data                                    0x20000060   Section        2  main.o(.data)
    .data                                    0x20000062   Section       10  main.o(.data)
    .data                                    0x2000006c   Section        2  main.o(.data)
    .data                                    0x2000006e   Section        2  main.o(.data)
    .data                                    0x20000070   Section        2  main.o(.data)
    .data                                    0x20000072   Section        2  main.o(.data)
    .data                                    0x20000074   Section        2  main.o(.data)
    .data                                    0x20000076   Section        2  main.o(.data)
    .data                                    0x20000078   Section        4  main.o(.data)
    .data                                    0x2000007c   Section        4  main.o(.data)
    .data                                    0x20000080   Section        4  main.o(.data)
    .data                                    0x20000084   Section        4  main.o(.data)
    .data                                    0x20000088   Section        4  main.o(.data)
    .data                                    0x2000008c   Section       12  stm32f4xx_hal.o(.data)
    .data                                    0x20000098   Section        4  system_stm32f4xx.o(.data)
    .bss                                     0x2000009c   Section       12  main.o(.bss)
    .bss                                     0x200000a8   Section       20  main.o(.bss)
    .bss                                     0x200000bc   Section       12  main.o(.bss)
    .bss                                     0x200000c8   Section      432  tim.o(.bss)
    .bss                                     0x20000278   Section      144  control.o(.bss)
    .bss                                     0x20000308   Section       96  libspace.o(.bss)
    HEAP                                     0x20000368   Section      512  startup_stm32f407xx.o(HEAP)
    Heap_Mem                                 0x20000368   Data         512  startup_stm32f407xx.o(HEAP)
    STACK                                    0x20000568   Section     1024  startup_stm32f407xx.o(STACK)
    Stack_Mem                                0x20000568   Data        1024  startup_stm32f407xx.o(STACK)
    __initial_sp                             0x20000968   Data           0  startup_stm32f407xx.o(STACK)

    Global Symbols

    Symbol Name                              Value     Ov Type        Size  Object(Section)

    BuildAttributes$$THM_ISAv4$E$P$D$K$B$S$7EM$VFPi3$EXTD16$VFPS$VFMA$PE$A:L22UL41UL21$X:L11$S22US41US21$IEEE1$IW$USESV6$~STKCKD$USESV7$~SHL$OSPACE$ROPI$EBA8$UX$STANDARDLIB$REQ8$PRES8$EABIv2 0x00000000   Number         0  anon$$obj.o ABSOLUTE
    __ARM_use_no_argv                        0x00000000   Number         0  main.o ABSOLUTE
    __ARM_exceptions_init                     - Undefined Weak Reference
    __alloca_initialize                       - Undefined Weak Reference
    __arm_fini_                               - Undefined Weak Reference
    __arm_preinit_                            - Undefined Weak Reference
    __cpp_initialize__aeabi_                  - Undefined Weak Reference
    __cxa_finalize                            - Undefined Weak Reference
    __rt_locale                               - Undefined Weak Reference
    __sigvec_lookup                           - Undefined Weak Reference
    _atexit_init                              - Undefined Weak Reference
    _call_atexit_fns                          - Undefined Weak Reference
    _clock_init                               - Undefined Weak Reference
    _fp_trap_init                             - Undefined Weak Reference
    _fp_trap_shutdown                         - Undefined Weak Reference
    _get_lc_collate                           - Undefined Weak Reference
    _get_lc_ctype                             - Undefined Weak Reference
    _get_lc_monetary                          - Undefined Weak Reference
    _get_lc_numeric                           - Undefined Weak Reference
    _get_lc_time                              - Undefined Weak Reference
    _getenv_init                              - Undefined Weak Reference
    _handle_redirection                       - Undefined Weak Reference
    _init_alloc                               - Undefined Weak Reference
    _init_user_alloc                          - Undefined Weak Reference
    _initio                                   - Undefined Weak Reference
    _rand_init                                - Undefined Weak Reference
    _signal_finish                            - Undefined Weak Reference
    _signal_init                              - Undefined Weak Reference
    _terminate_alloc                          - Undefined Weak Reference
    _terminate_user_alloc                     - Undefined Weak Reference
    _terminateio                              - Undefined Weak Reference
    __Vectors_Size                           0x00000188   Number         0  startup_stm32f407xx.o ABSOLUTE
    __Vectors                                0x08000000   Data           4  startup_stm32f407xx.o(RESET)
    __Vectors_End                            0x08000188   Data           0  startup_stm32f407xx.o(RESET)
    __main                                   0x08000189   Thumb Code     8  __main.o(!!!main)
    __scatterload                            0x08000191   Thumb Code     0  __scatter.o(!!!scatter)
    __scatterload_rt2                        0x08000191   Thumb Code    44  __scatter.o(!!!scatter)
    __scatterload_rt2_thumb_only             0x08000191   Thumb Code     0  __scatter.o(!!!scatter)
    __scatterload_null                       0x0800019f   Thumb Code     0  __scatter.o(!!!scatter)
    __scatterload_copy                       0x080001c5   Thumb Code    26  __scatter_copy.o(!!handler_copy)
    __scatterload_zeroinit                   0x080001e1   Thumb Code    28  __scatter_zi.o(!!handler_zi)
    __rt_lib_init                            0x080001fd   Thumb Code     0  libinit.o(.ARM.Collect$$libinit$$00000000)
    __rt_lib_init_fp_1                       0x080001ff   Thumb Code     0  libinit2.o(.ARM.Collect$$libinit$$00000001)
    __rt_lib_init_alloca_1                   0x08000203   Thumb Code     0  libinit2.o(.ARM.Collect$$libinit$$0000002E)
    __rt_lib_init_argv_1                     0x08000203   Thumb Code     0  libinit2.o(.ARM.Collect$$libinit$$0000002C)
    __rt_lib_init_atexit_1                   0x08000203   Thumb Code     0  libinit2.o(.ARM.Collect$$libinit$$0000001B)
    __rt_lib_init_clock_1                    0x08000203   Thumb Code     0  libinit2.o(.ARM.Collect$$libinit$$00000021)
    __rt_lib_init_cpp_1                      0x08000203   Thumb Code     0  libinit2.o(.ARM.Collect$$libinit$$00000032)
    __rt_lib_init_exceptions_1               0x08000203   Thumb Code     0  libinit2.o(.ARM.Collect$$libinit$$00000030)
    __rt_lib_init_fp_trap_1                  0x08000203   Thumb Code     0  libinit2.o(.ARM.Collect$$libinit$$0000001F)
    __rt_lib_init_getenv_1                   0x08000203   Thumb Code     0  libinit2.o(.ARM.Collect$$libinit$$00000023)
    __rt_lib_init_heap_1                     0x08000203   Thumb Code     0  libinit2.o(.ARM.Collect$$libinit$$0000000A)
    __rt_lib_init_lc_collate_1               0x08000203   Thumb Code     0  libinit2.o(.ARM.Collect$$libinit$$00000011)
    __rt_lib_init_lc_ctype_1                 0x08000203   Thumb Code     0  libinit2.o(.ARM.Collect$$libinit$$00000013)
    __rt_lib_init_lc_monetary_1              0x08000203   Thumb Code     0  libinit2.o(.ARM.Collect$$libinit$$00000015)
    __rt_lib_init_lc_numeric_1               0x08000203   Thumb Code     0  libinit2.o(.ARM.Collect$$libinit$$00000017)
    __rt_lib_init_lc_time_1                  0x08000203   Thumb Code     0  libinit2.o(.ARM.Collect$$libinit$$00000019)
    __rt_lib_init_preinit_1                  0x08000203   Thumb Code     0  libinit2.o(.ARM.Collect$$libinit$$00000004)
    __rt_lib_init_rand_1                     0x08000203   Thumb Code     0  libinit2.o(.ARM.Collect$$libinit$$0000000E)
    __rt_lib_init_return                     0x08000203   Thumb Code     0  libinit2.o(.ARM.Collect$$libinit$$00000033)
    __rt_lib_init_signal_1                   0x08000203   Thumb Code     0  libinit2.o(.ARM.Collect$$libinit$$0000001D)
    __rt_lib_init_stdio_1                    0x08000203   Thumb Code     0  libinit2.o(.ARM.Collect$$libinit$$00000025)
    __rt_lib_init_user_alloc_1               0x08000203   Thumb Code     0  libinit2.o(.ARM.Collect$$libinit$$0000000C)
    __rt_lib_shutdown                        0x08000205   Thumb Code     0  libshutdown.o(.ARM.Collect$$libshutdown$$00000000)
    __rt_lib_shutdown_cpp_1                  0x08000207   Thumb Code     0  libshutdown2.o(.ARM.Collect$$libshutdown$$00000004)
    __rt_lib_shutdown_fini_1                 0x08000207   Thumb Code     0  libshutdown2.o(.ARM.Collect$$libshutdown$$00000002)
    __rt_lib_shutdown_fp_trap_1              0x08000207   Thumb Code     0  libshutdown2.o(.ARM.Collect$$libshutdown$$00000009)
    __rt_lib_shutdown_heap_1                 0x08000207   Thumb Code     0  libshutdown2.o(.ARM.Collect$$libshutdown$$00000011)
    __rt_lib_shutdown_return                 0x08000207   Thumb Code     0  libshutdown2.o(.ARM.Collect$$libshutdown$$00000012)
    __rt_lib_shutdown_signal_1               0x08000207   Thumb Code     0  libshutdown2.o(.ARM.Collect$$libshutdown$$0000000C)
    __rt_lib_shutdown_stdio_1                0x08000207   Thumb Code     0  libshutdown2.o(.ARM.Collect$$libshutdown$$00000006)
    __rt_lib_shutdown_user_alloc_1           0x08000207   Thumb Code     0  libshutdown2.o(.ARM.Collect$$libshutdown$$0000000E)
    __rt_entry                               0x08000209   Thumb Code     0  __rtentry.o(.ARM.Collect$$rtentry$$00000000)
    __rt_entry_presh_1                       0x08000209   Thumb Code     0  __rtentry2.o(.ARM.Collect$$rtentry$$00000002)
    __rt_entry_sh                            0x08000209   Thumb Code     0  __rtentry4.o(.ARM.Collect$$rtentry$$00000004)
    __rt_entry_li                            0x0800020f   Thumb Code     0  __rtentry2.o(.ARM.Collect$$rtentry$$0000000A)
    __rt_entry_postsh_1                      0x0800020f   Thumb Code     0  __rtentry2.o(.ARM.Collect$$rtentry$$00000009)
    __rt_entry_main                          0x08000213   Thumb Code     0  __rtentry2.o(.ARM.Collect$$rtentry$$0000000D)
    __rt_entry_postli_1                      0x08000213   Thumb Code     0  __rtentry2.o(.ARM.Collect$$rtentry$$0000000C)
    __rt_exit                                0x0800021b   Thumb Code     0  rtexit.o(.ARM.Collect$$rtexit$$00000000)
    __rt_exit_ls                             0x0800021d   Thumb Code     0  rtexit2.o(.ARM.Collect$$rtexit$$00000003)
    __rt_exit_prels_1                        0x0800021d   Thumb Code     0  rtexit2.o(.ARM.Collect$$rtexit$$00000002)
    __rt_exit_exit                           0x08000221   Thumb Code     0  rtexit2.o(.ARM.Collect$$rtexit$$00000004)
    Reset_Handler                            0x08000229   Thumb Code     8  startup_stm32f407xx.o(.text)
    ADC_IRQHandler                           0x08000243   Thumb Code     0  startup_stm32f407xx.o(.text)
    CAN1_RX0_IRQHandler                      0x08000243   Thumb Code     0  startup_stm32f407xx.o(.text)
    CAN1_RX1_IRQHandler                      0x08000243   Thumb Code     0  startup_stm32f407xx.o(.text)
    CAN1_SCE_IRQHandler                      0x08000243   Thumb Code     0  startup_stm32f407xx.o(.text)
    CAN1_TX_IRQHandler                       0x08000243   Thumb Code     0  startup_stm32f407xx.o(.text)
    CAN2_RX0_IRQHandler                      0x08000243   Thumb Code     0  startup_stm32f407xx.o(.text)
    CAN2_RX1_IRQHandler                      0x08000243   Thumb Code     0  startup_stm32f407xx.o(.text)
    CAN2_SCE_IRQHandler                      0x08000243   Thumb Code     0  startup_stm32f407xx.o(.text)
    CAN2_TX_IRQHandler                       0x08000243   Thumb Code     0  startup_stm32f407xx.o(.text)
    DCMI_IRQHandler                          0x08000243   Thumb Code     0  startup_stm32f407xx.o(.text)
    DMA1_Stream0_IRQHandler                  0x08000243   Thumb Code     0  startup_stm32f407xx.o(.text)
    DMA1_Stream1_IRQHandler                  0x08000243   Thumb Code     0  startup_stm32f407xx.o(.text)
    DMA1_Stream2_IRQHandler                  0x08000243   Thumb Code     0  startup_stm32f407xx.o(.text)
    DMA1_Stream3_IRQHandler                  0x08000243   Thumb Code     0  startup_stm32f407xx.o(.text)
    DMA1_Stream4_IRQHandler                  0x08000243   Thumb Code     0  startup_stm32f407xx.o(.text)
    DMA1_Stream5_IRQHandler                  0x08000243   Thumb Code     0  startup_stm32f407xx.o(.text)
    DMA1_Stream6_IRQHandler                  0x08000243   Thumb Code     0  startup_stm32f407xx.o(.text)
    DMA1_Stream7_IRQHandler                  0x08000243   Thumb Code     0  startup_stm32f407xx.o(.text)
    DMA2_Stream0_IRQHandler                  0x08000243   Thumb Code     0  startup_stm32f407xx.o(.text)
    DMA2_Stream1_IRQHandler                  0x08000243   Thumb Code     0  startup_stm32f407xx.o(.text)
    DMA2_Stream2_IRQHandler                  0x08000243   Thumb Code     0  startup_stm32f407xx.o(.text)
    DMA2_Stream3_IRQHandler                  0x08000243   Thumb Code     0  startup_stm32f407xx.o(.text)
    DMA2_Stream4_IRQHandler                  0x08000243   Thumb Code     0  startup_stm32f407xx.o(.text)
    DMA2_Stream5_IRQHandler                  0x08000243   Thumb Code     0  startup_stm32f407xx.o(.text)
    DMA2_Stream6_IRQHandler                  0x08000243   Thumb Code     0  startup_stm32f407xx.o(.text)
    DMA2_Stream7_IRQHandler                  0x08000243   Thumb Code     0  startup_stm32f407xx.o(.text)
    ETH_IRQHandler                           0x08000243   Thumb Code     0  startup_stm32f407xx.o(.text)
    ETH_WKUP_IRQHandler                      0x08000243   Thumb Code     0  startup_stm32f407xx.o(.text)
    EXTI0_IRQHandler                         0x08000243   Thumb Code     0  startup_stm32f407xx.o(.text)
    EXTI15_10_IRQHandler                     0x08000243   Thumb Code     0  startup_stm32f407xx.o(.text)
    EXTI1_IRQHandler                         0x08000243   Thumb Code     0  startup_stm32f407xx.o(.text)
    EXTI2_IRQHandler                         0x08000243   Thumb Code     0  startup_stm32f407xx.o(.text)
    EXTI3_IRQHandler                         0x08000243   Thumb Code     0  startup_stm32f407xx.o(.text)
    EXTI4_IRQHandler                         0x08000243   Thumb Code     0  startup_stm32f407xx.o(.text)
    FLASH_IRQHandler                         0x08000243   Thumb Code     0  startup_stm32f407xx.o(.text)
    FMC_IRQHandler                           0x08000243   Thumb Code     0  startup_stm32f407xx.o(.text)
    FPU_IRQHandler                           0x08000243   Thumb Code     0  startup_stm32f407xx.o(.text)
    HASH_RNG_IRQHandler                      0x08000243   Thumb Code     0  startup_stm32f407xx.o(.text)
    I2C1_ER_IRQHandler                       0x08000243   Thumb Code     0  startup_stm32f407xx.o(.text)
    I2C1_EV_IRQHandler                       0x08000243   Thumb Code     0  startup_stm32f407xx.o(.text)
    I2C2_ER_IRQHandler                       0x08000243   Thumb Code     0  startup_stm32f407xx.o(.text)
    I2C2_EV_IRQHandler                       0x08000243   Thumb Code     0  startup_stm32f407xx.o(.text)
    I2C3_ER_IRQHandler                       0x08000243   Thumb Code     0  startup_stm32f407xx.o(.text)
    I2C3_EV_IRQHandler                       0x08000243   Thumb Code     0  startup_stm32f407xx.o(.text)
    OTG_FS_IRQHandler                        0x08000243   Thumb Code     0  startup_stm32f407xx.o(.text)
    OTG_FS_WKUP_IRQHandler                   0x08000243   Thumb Code     0  startup_stm32f407xx.o(.text)
    OTG_HS_EP1_IN_IRQHandler                 0x08000243   Thumb Code     0  startup_stm32f407xx.o(.text)
    OTG_HS_EP1_OUT_IRQHandler                0x08000243   Thumb Code     0  startup_stm32f407xx.o(.text)
    OTG_HS_IRQHandler                        0x08000243   Thumb Code     0  startup_stm32f407xx.o(.text)
    OTG_HS_WKUP_IRQHandler                   0x08000243   Thumb Code     0  startup_stm32f407xx.o(.text)
    PVD_IRQHandler                           0x08000243   Thumb Code     0  startup_stm32f407xx.o(.text)
    RCC_IRQHandler                           0x08000243   Thumb Code     0  startup_stm32f407xx.o(.text)
    RTC_Alarm_IRQHandler                     0x08000243   Thumb Code     0  startup_stm32f407xx.o(.text)
    RTC_WKUP_IRQHandler                      0x08000243   Thumb Code     0  startup_stm32f407xx.o(.text)
    SDIO_IRQHandler                          0x08000243   Thumb Code     0  startup_stm32f407xx.o(.text)
    SPI1_IRQHandler                          0x08000243   Thumb Code     0  startup_stm32f407xx.o(.text)
    SPI2_IRQHandler                          0x08000243   Thumb Code     0  startup_stm32f407xx.o(.text)
    SPI3_IRQHandler                          0x08000243   Thumb Code     0  startup_stm32f407xx.o(.text)
    TAMP_STAMP_IRQHandler                    0x08000243   Thumb Code     0  startup_stm32f407xx.o(.text)
    TIM1_BRK_TIM9_IRQHandler                 0x08000243   Thumb Code     0  startup_stm32f407xx.o(.text)
    TIM1_CC_IRQHandler                       0x08000243   Thumb Code     0  startup_stm32f407xx.o(.text)
    TIM1_TRG_COM_TIM11_IRQHandler            0x08000243   Thumb Code     0  startup_stm32f407xx.o(.text)
    TIM1_UP_TIM10_IRQHandler                 0x08000243   Thumb Code     0  startup_stm32f407xx.o(.text)
    TIM2_IRQHandler                          0x08000243   Thumb Code     0  startup_stm32f407xx.o(.text)
    TIM3_IRQHandler                          0x08000243   Thumb Code     0  startup_stm32f407xx.o(.text)
    TIM4_IRQHandler                          0x08000243   Thumb Code     0  startup_stm32f407xx.o(.text)
    TIM5_IRQHandler                          0x08000243   Thumb Code     0  startup_stm32f407xx.o(.text)
    TIM7_IRQHandler                          0x08000243   Thumb Code     0  startup_stm32f407xx.o(.text)
    TIM8_BRK_TIM12_IRQHandler                0x08000243   Thumb Code     0  startup_stm32f407xx.o(.text)
    TIM8_CC_IRQHandler                       0x08000243   Thumb Code     0  startup_stm32f407xx.o(.text)
    TIM8_TRG_COM_TIM14_IRQHandler            0x08000243   Thumb Code     0  startup_stm32f407xx.o(.text)
    TIM8_UP_TIM13_IRQHandler                 0x08000243   Thumb Code     0  startup_stm32f407xx.o(.text)
    UART4_IRQHandler                         0x08000243   Thumb Code     0  startup_stm32f407xx.o(.text)
    UART5_IRQHandler                         0x08000243   Thumb Code     0  startup_stm32f407xx.o(.text)
    USART1_IRQHandler                        0x08000243   Thumb Code     0  startup_stm32f407xx.o(.text)
    USART2_IRQHandler                        0x08000243   Thumb Code     0  startup_stm32f407xx.o(.text)
    USART3_IRQHandler                        0x08000243   Thumb Code     0  startup_stm32f407xx.o(.text)
    USART6_IRQHandler                        0x08000243   Thumb Code     0  startup_stm32f407xx.o(.text)
    WWDG_IRQHandler                          0x08000243   Thumb Code     0  startup_stm32f407xx.o(.text)
    __user_initial_stackheap                 0x08000245   Thumb Code     0  startup_stm32f407xx.o(.text)
    __aeabi_uldivmod                         0x08000269   Thumb Code     0  lludivv7m.o(.text)
    _ll_udiv                                 0x08000269   Thumb Code   238  lludivv7m.o(.text)
    __aeabi_memclr4                          0x08000357   Thumb Code     0  rt_memclr_w.o(.text)
    __aeabi_memclr8                          0x08000357   Thumb Code     0  rt_memclr_w.o(.text)
    __rt_memclr_w                            0x08000357   Thumb Code    78  rt_memclr_w.o(.text)
    _memset_w                                0x0800035b   Thumb Code     0  rt_memclr_w.o(.text)
    __use_two_region_memory                  0x080003a5   Thumb Code     2  heapauxi.o(.text)
    __rt_heap_escrow$2region                 0x080003a7   Thumb Code     2  heapauxi.o(.text)
    __rt_heap_expand$2region                 0x080003a9   Thumb Code     2  heapauxi.o(.text)
    __user_setup_stackheap                   0x080003ab   Thumb Code    74  sys_stackheap_outer.o(.text)
    exit                                     0x080003f5   Thumb Code    18  exit.o(.text)
    __user_libspace                          0x08000409   Thumb Code     8  libspace.o(.text)
    __user_perproc_libspace                  0x08000409   Thumb Code     0  libspace.o(.text)
    __user_perthread_libspace                0x08000409   Thumb Code     0  libspace.o(.text)
    _sys_exit                                0x08000411   Thumb Code     8  sys_exit.o(.text)
    __I$use$semihosting                      0x0800041d   Thumb Code     0  use_no_semi.o(.text)
    __use_no_semihosting_swi                 0x0800041d   Thumb Code     2  use_no_semi.o(.text)
    BusFault_Handler                         0x0800041f   Thumb Code     2  stm32f4xx_it.o(i.BusFault_Handler)
    __semihosting_library_function           0x0800041f   Thumb Code     0  indicate_semi.o(.text)
    DUOJI_Control                            0x08000421   Thumb Code   478  duoji.o(i.DUOJI_Control)
    DebugMon_Handler                         0x08000611   Thumb Code     2  stm32f4xx_it.o(i.DebugMon_Handler)
    DuoJi_Control                            0x08000615   Thumb Code   116  duoji.o(i.DuoJi_Control)
    DuoJi_Init                               0x08000691   Thumb Code   122  duoji.o(i.DuoJi_Init)
    EXTI9_5_IRQHandler                       0x0800071d   Thumb Code     6  stm32f4xx_it.o(i.EXTI9_5_IRQHandler)
    Error_Handler                            0x08000723   Thumb Code     4  main.o(i.Error_Handler)
    HAL_Delay                                0x08000729   Thumb Code    32  stm32f4xx_hal.o(i.HAL_Delay)
    HAL_GPIO_EXTI_Callback                   0x0800074d   Thumb Code    14  control.o(i.HAL_GPIO_EXTI_Callback)
    HAL_GPIO_EXTI_IRQHandler                 0x08000761   Thumb Code    18  stm32f4xx_hal_gpio.o(i.HAL_GPIO_EXTI_IRQHandler)
    HAL_GPIO_Init                            0x08000779   Thumb Code   450  stm32f4xx_hal_gpio.o(i.HAL_GPIO_Init)
    HAL_GPIO_ReadPin                         0x08000969   Thumb Code    10  stm32f4xx_hal_gpio.o(i.HAL_GPIO_ReadPin)
    HAL_GPIO_WritePin                        0x08000973   Thumb Code    10  stm32f4xx_hal_gpio.o(i.HAL_GPIO_WritePin)
    HAL_GetTick                              0x0800097d   Thumb Code     6  stm32f4xx_hal.o(i.HAL_GetTick)
    HAL_IncTick                              0x08000989   Thumb Code    12  stm32f4xx_hal.o(i.HAL_IncTick)
    HAL_Init                                 0x08000999   Thumb Code    48  stm32f4xx_hal.o(i.HAL_Init)
    HAL_InitTick                             0x080009cd   Thumb Code    54  stm32f4xx_hal.o(i.HAL_InitTick)
    HAL_MspInit                              0x08000a0d   Thumb Code    42  stm32f4xx_hal_msp.o(i.HAL_MspInit)
    HAL_NVIC_EnableIRQ                       0x08000a3d   Thumb Code    26  stm32f4xx_hal_cortex.o(i.HAL_NVIC_EnableIRQ)
    HAL_NVIC_SetPriority                     0x08000a59   Thumb Code    60  stm32f4xx_hal_cortex.o(i.HAL_NVIC_SetPriority)
    HAL_NVIC_SetPriorityGrouping             0x08000a99   Thumb Code    26  stm32f4xx_hal_cortex.o(i.HAL_NVIC_SetPriorityGrouping)
    HAL_RCC_ClockConfig                      0x08000abd   Thumb Code   288  stm32f4xx_hal_rcc.o(i.HAL_RCC_ClockConfig)
    HAL_RCC_GetSysClockFreq                  0x08000bf1   Thumb Code    88  stm32f4xx_hal_rcc.o(i.HAL_RCC_GetSysClockFreq)
    HAL_RCC_OscConfig                        0x08000c51   Thumb Code   856  stm32f4xx_hal_rcc.o(i.HAL_RCC_OscConfig)
    HAL_SYSTICK_Config                       0x08000fbd   Thumb Code    40  stm32f4xx_hal_cortex.o(i.HAL_SYSTICK_Config)
    HAL_TIMEx_BreakCallback                  0x08000fe5   Thumb Code     2  stm32f4xx_hal_tim_ex.o(i.HAL_TIMEx_BreakCallback)
    HAL_TIMEx_CommutCallback                 0x08000fe7   Thumb Code     2  stm32f4xx_hal_tim_ex.o(i.HAL_TIMEx_CommutCallback)
    HAL_TIMEx_ConfigBreakDeadTime            0x08000fe9   Thumb Code    84  stm32f4xx_hal_tim_ex.o(i.HAL_TIMEx_ConfigBreakDeadTime)
    HAL_TIMEx_MasterConfigSynchronization    0x0800103d   Thumb Code   116  stm32f4xx_hal_tim_ex.o(i.HAL_TIMEx_MasterConfigSynchronization)
    HAL_TIM_Base_Init                        0x080010cd   Thumb Code    90  stm32f4xx_hal_tim.o(i.HAL_TIM_Base_Init)
    HAL_TIM_Base_MspInit                     0x08001129   Thumb Code   120  tim.o(i.HAL_TIM_Base_MspInit)
    HAL_TIM_Base_Start_IT                    0x080011b5   Thumb Code   100  stm32f4xx_hal_tim.o(i.HAL_TIM_Base_Start_IT)
    HAL_TIM_ConfigClockSource                0x08001235   Thumb Code   220  stm32f4xx_hal_tim.o(i.HAL_TIM_ConfigClockSource)
    HAL_TIM_Encoder_Init                     0x08001311   Thumb Code   164  stm32f4xx_hal_tim.o(i.HAL_TIM_Encoder_Init)
    HAL_TIM_Encoder_MspInit                  0x080013b5   Thumb Code   146  tim.o(i.HAL_TIM_Encoder_MspInit)
    HAL_TIM_Encoder_Start                    0x08001455   Thumb Code   142  stm32f4xx_hal_tim.o(i.HAL_TIM_Encoder_Start)
    HAL_TIM_IC_CaptureCallback               0x080014e3   Thumb Code     2  stm32f4xx_hal_tim.o(i.HAL_TIM_IC_CaptureCallback)
    HAL_TIM_IRQHandler                       0x080014e5   Thumb Code   304  stm32f4xx_hal_tim.o(i.HAL_TIM_IRQHandler)
    HAL_TIM_MspPostInit                      0x08001615   Thumb Code   158  tim.o(i.HAL_TIM_MspPostInit)
    HAL_TIM_OC_DelayElapsedCallback          0x080016d1   Thumb Code     2  stm32f4xx_hal_tim.o(i.HAL_TIM_OC_DelayElapsedCallback)
    HAL_TIM_PWM_ConfigChannel                0x080016d3   Thumb Code   204  stm32f4xx_hal_tim.o(i.HAL_TIM_PWM_ConfigChannel)
    HAL_TIM_PWM_Init                         0x0800179f   Thumb Code    90  stm32f4xx_hal_tim.o(i.HAL_TIM_PWM_Init)
    HAL_TIM_PWM_MspInit                      0x080017f9   Thumb Code     2  stm32f4xx_hal_tim.o(i.HAL_TIM_PWM_MspInit)
    HAL_TIM_PWM_PulseFinishedCallback        0x080017fb   Thumb Code     2  stm32f4xx_hal_tim.o(i.HAL_TIM_PWM_PulseFinishedCallback)
    HAL_TIM_PWM_Start                        0x080017fd   Thumb Code   172  stm32f4xx_hal_tim.o(i.HAL_TIM_PWM_Start)
    HAL_TIM_PeriodElapsedCallback            0x080018c5   Thumb Code   124  control.o(i.HAL_TIM_PeriodElapsedCallback)
    HAL_TIM_TriggerCallback                  0x08001965   Thumb Code     2  stm32f4xx_hal_tim.o(i.HAL_TIM_TriggerCallback)
    HardFault_Handler                        0x08001967   Thumb Code     2  stm32f4xx_it.o(i.HardFault_Handler)
    MX_GPIO_Init                             0x08001969   Thumb Code   332  gpio.o(i.MX_GPIO_Init)
    MX_TIM1_Init                             0x08001acd   Thumb Code   206  tim.o(i.MX_TIM1_Init)
    MX_TIM2_Init                             0x08001ba5   Thumb Code   100  tim.o(i.MX_TIM2_Init)
    MX_TIM3_Init                             0x08001c0d   Thumb Code    98  tim.o(i.MX_TIM3_Init)
    MX_TIM4_Init                             0x08001c79   Thumb Code   192  tim.o(i.MX_TIM4_Init)
    MX_TIM6_Init                             0x08001d41   Thumb Code    60  tim.o(i.MX_TIM6_Init)
    MX_TIM8_Init                             0x08001d85   Thumb Code   240  tim.o(i.MX_TIM8_Init)
    MemManage_Handler                        0x08001e7d   Thumb Code     2  stm32f4xx_it.o(i.MemManage_Handler)
    Motor_Encoder_Init                       0x08001e81   Thumb Code    22  encoder.o(i.Motor_Encoder_Init)
    Motor_Init                               0x08001ea1   Thumb Code    74  motor.o(i.Motor_Init)
    NMI_Handler                              0x08001ef5   Thumb Code     2  stm32f4xx_it.o(i.NMI_Handler)
    PID_Calc_Motor_Left                      0x08001ef9   Thumb Code   198  control.o(i.PID_Calc_Motor_Left)
    PID_Calc_Motor_Right                     0x08001fc5   Thumb Code   198  control.o(i.PID_Calc_Motor_Right)
    PID_Init                                 0x08002091   Thumb Code    52  control.o(i.PID_Init)
    PID_Motor_Left_Init                      0x080020d5   Thumb Code    88  control.o(i.PID_Motor_Left_Init)
    PID_Motor_Right_Init                     0x08002131   Thumb Code    88  control.o(i.PID_Motor_Right_Init)
    Path_Pl_TaoTong                          0x0800218d   Thumb Code   220  path_planning.o(i.Path_Pl_TaoTong)
    Path_Planning                            0x08002275   Thumb Code 14154  path_planning.o(i.Path_Planning)
    Path_Planning_TaoTong                    0x080059e1   Thumb Code   710  path_planning.o(i.Path_Planning_TaoTong)
    Path_Planning_Wuzhua                     0x08005cc1   Thumb Code   354  path_planning.o(i.Path_Planning_Wuzhua)
    Path_Planning_Wuzhua_TaoTong             0x08005e31   Thumb Code  2276  path_planning.o(i.Path_Planning_Wuzhua_TaoTong)
    PendSV_Handler                           0x08006715   Thumb Code     2  stm32f4xx_it.o(i.PendSV_Handler)
    Read_Encoder                             0x08006719   Thumb Code    36  encoder.o(i.Read_Encoder)
    SVC_Handler                              0x08006741   Thumb Code     2  stm32f4xx_it.o(i.SVC_Handler)
    Set_Pwm                                  0x08006745   Thumb Code   106  motor.o(i.Set_Pwm)
    SysTick_Handler                          0x080067b9   Thumb Code     4  stm32f4xx_it.o(i.SysTick_Handler)
    SystemClock_Config                       0x080067bd   Thumb Code   138  main.o(i.SystemClock_Config)
    SystemInit                               0x08006851   Thumb Code    12  system_stm32f4xx.o(i.SystemInit)
    TCS3200_Color_Re                         0x08006861   Thumb Code   106  tcs320.o(i.TCS3200_Color_Re)
    TCS3200_Color_Recognition                0x080068d9   Thumb Code    44  tcs320.o(i.TCS3200_Color_Recognition)
    TCS3200_Mode                             0x0800690d   Thumb Code    66  tcs320.o(i.TCS3200_Mode)
    TCS3200_Mode_Color                       0x08006955   Thumb Code    66  tcs320.o(i.TCS3200_Mode_Color)
    TCS3200_Planning                         0x0800699d   Thumb Code    66  tcs320.o(i.TCS3200_Planning)
    TCS3200_White_balance                    0x080069e5   Thumb Code   140  tcs320.o(i.TCS3200_White_balance)
    TCS320_Init                              0x08006a85   Thumb Code    30  tcs320.o(i.TCS320_Init)
    TCS320_XianFu                            0x08006aa9   Thumb Code    56  tcs320.o(i.TCS320_XianFu)
    TIM6_DAC_IRQHandler                      0x08006ae9   Thumb Code     6  stm32f4xx_it.o(i.TIM6_DAC_IRQHandler)
    TIM_Base_SetConfig                       0x08006af5   Thumb Code   170  stm32f4xx_hal_tim.o(i.TIM_Base_SetConfig)
    TIM_CCxChannelCmd                        0x08006bcd   Thumb Code    26  stm32f4xx_hal_tim.o(i.TIM_CCxChannelCmd)
    TIM_ETR_SetConfig                        0x08006be7   Thumb Code    20  stm32f4xx_hal_tim.o(i.TIM_ETR_SetConfig)
    TIM_OC2_SetConfig                        0x08006c6d   Thumb Code    98  stm32f4xx_hal_tim.o(i.TIM_OC2_SetConfig)
    TRACKING                                 0x08006dd9   Thumb Code   742  track.o(i.TRACKING)
    Tracking                                 0x08007121   Thumb Code   738  track.o(i.Tracking)
    Tracking_1                               0x08007465   Thumb Code   306  track.o(i.Tracking_1)
    Tracking_10                              0x080075b5   Thumb Code    94  track.o(i.Tracking_10)
    Tracking_2                               0x08007641   Thumb Code   512  track.o(i.Tracking_2)
    Tracking_5                               0x08007871   Thumb Code   154  track.o(i.Tracking_5)
    Tracking_5WuKaui_Mi                      0x08007931   Thumb Code  1346  track.o(i.Tracking_5WuKaui_Mi)
    Tracking_6                               0x08007e7d   Thumb Code   148  track.o(i.Tracking_6)
    Tracking_7                               0x08007f35   Thumb Code   156  track.o(i.Tracking_7)
    Tracking_8                               0x08007ff1   Thumb Code   178  track.o(i.Tracking_8)
    Tracking_DanWu_DanWu                     0x080080d9   Thumb Code   274  track.o(i.Tracking_DanWu_DanWu)
    Tracking_Du_Mi                           0x08008215   Thumb Code   662  track.o(i.Tracking_Du_Mi)
    Tracking_Mi_5WuKaui                      0x080084e1   Thumb Code   188  track.o(i.Tracking_Mi_5WuKaui)
    Tracking_Mi_Du                           0x080085cd   Thumb Code   444  track.o(i.Tracking_Mi_Du)
    Tracking_Mi_DuFang                       0x080087bd   Thumb Code   456  track.o(i.Tracking_Mi_DuFang)
    Tracking_Qi_DanWu                        0x080089b5   Thumb Code   160  track.o(i.Tracking_Qi_DanWu)
    UsageFault_Handler                       0x08008a81   Thumb Code     2  stm32f4xx_it.o(i.UsageFault_Handler)
    Yuandi_Zhuan                             0x08008a85   Thumb Code  2128  motor.o(i.Yuandi_Zhuan)
    duoji_Control                            0x08009321   Thumb Code   214  duoji.o(i.duoji_Control)
    main                                     0x08009409   Thumb Code   128  main.o(i.main)
    myabs                                    0x08009491   Thumb Code     8  motor.o(i.myabs)
    rgb                                      0x08009499   Thumb Code   746  tcs320.o(i.rgb)
    _fp_init                                 0x080097ad   Thumb Code    10  fpinit.o(x$fpl$fpinit)
    __fplib_config_fpu_vfp                   0x080097b5   Thumb Code     0  fpinit.o(x$fpl$fpinit)
    __fplib_config_pureend_doubles           0x080097b5   Thumb Code     0  fpinit.o(x$fpl$fpinit)
    AHBPrescTable                            0x080097b6   Data          16  system_stm32f4xx.o(.constdata)
    PID                                      0x080097c8   Data          12  control.o(.constdata)
    Region$$Table$$Base                      0x080097d4   Number         0  anon$$obj.o(Region$$Table)
    Region$$Table$$Limit                     0x080097f4   Number         0  anon$$obj.o(Region$$Table)
    DuoJi_WuKuaiNum_F                        0x20000000   Data          20  main.o(.data)
    DuoJi_WuKuaiNum_G                        0x20000014   Data          20  main.o(.data)
    Encoder_Left                             0x20000028   Data           4  main.o(.data)
    Encoder_Right                            0x2000002c   Data           4  main.o(.data)
    Encoder_Left_Sum                         0x20000030   Data           4  main.o(.data)
    Encoder_Right_sum                        0x20000034   Data           4  main.o(.data)
    Motor_Left                               0x20000038   Data           4  main.o(.data)
    Motor_Right                              0x2000003c   Data           4  main.o(.data)
    Target_Speed_L                           0x20000040   Data           4  main.o(.data)
    Target_Speed_R                           0x20000044   Data           4  main.o(.data)
    Angle_Left_L                             0x20000048   Data           4  main.o(.data)
    Angle_Right_L                            0x2000004c   Data           4  main.o(.data)
    Angle_Left_H                             0x20000050   Data           4  main.o(.data)
    Angle_Right_H                            0x20000054   Data           4  main.o(.data)
    Zhuan_End                                0x20000058   Data           2  main.o(.data)
    Begin_Flog                               0x2000005a   Data           2  main.o(.data)
    Trackflog                                0x2000005c   Data           2  main.o(.data)
    Miflog                                   0x2000005e   Data           2  main.o(.data)
    DanWu_flog                               0x20000060   Data           2  main.o(.data)
    DUOJI_ON_Flog                            0x20000062   Data           2  main.o(.data)
    TCS320_angle                             0x20000064   Data           2  main.o(.data)
    TCS320_Num                               0x20000066   Data           2  main.o(.data)
    TCS3200_ON_Flog                          0x20000068   Data           2  main.o(.data)
    TCS3200_OFF_Flog                         0x2000006a   Data           2  main.o(.data)
    DUOJI_Flog                               0x2000006c   Data           2  main.o(.data)
    duoji_Flog                               0x2000006e   Data           2  main.o(.data)
    White_Color_Num                          0x20000070   Data           2  main.o(.data)
    Color_Flog                               0x20000072   Data           2  main.o(.data)
    White_balance_Flog                       0x20000074   Data           2  main.o(.data)
    TCS3200_Pa_Pl_Flog                       0x20000076   Data           2  main.o(.data)
    Color_Num                                0x20000078   Data           4  main.o(.data)
    Num                                      0x2000007c   Data           4  main.o(.data)
    Num_Wu                                   0x20000080   Data           4  main.o(.data)
    Num_Tao                                  0x20000084   Data           4  main.o(.data)
    Num_T                                    0x20000088   Data           4  main.o(.data)
    uwTickFreq                               0x2000008c   Data           1  stm32f4xx_hal.o(.data)
    uwTickPrio                               0x20000090   Data           4  stm32f4xx_hal.o(.data)
    uwTick                                   0x20000094   Data           4  stm32f4xx_hal.o(.data)
    SystemCoreClock                          0x20000098   Data           4  system_stm32f4xx.o(.data)
    Color_RGB                                0x2000009c   Data          12  main.o(.bss)
    Color_WuKuaiNum                          0x200000a8   Data          20  main.o(.bss)
    RGB                                      0x200000bc   Data          12  main.o(.bss)
    htim1                                    0x200000c8   Data          72  tim.o(.bss)
    htim2                                    0x20000110   Data          72  tim.o(.bss)
    htim3                                    0x20000158   Data          72  tim.o(.bss)
    htim4                                    0x200001a0   Data          72  tim.o(.bss)
    htim6                                    0x200001e8   Data          72  tim.o(.bss)
    htim8                                    0x20000230   Data          72  tim.o(.bss)
    PID1_Structure                           0x20000278   Data          72  control.o(.bss)
    PID2_Structure                           0x200002c0   Data          72  control.o(.bss)
    __libspace_start                         0x20000308   Data          96  libspace.o(.bss)
    __temporary_stack_top$libspace           0x20000368   Data           0  libspace.o(.bss)



==============================================================================

Memory Map of the image

  Image Entry point : 0x08000189

  Load Region LR_IROM1 (Base: 0x08000000, Size: 0x00009890, Max: 0x00100000, ABSOLUTE)

    Execution Region ER_IROM1 (Exec base: 0x08000000, Load base: 0x08000000, Size: 0x000097f4, Max: 0x00100000, ABSOLUTE)

    Exec Addr    Load Addr    Size         Type   Attr      Idx    E Section Name        Object

    0x08000000   0x08000000   0x00000188   Data   RO            3    RESET               startup_stm32f407xx.o
    0x08000188   0x08000188   0x00000008   Code   RO         3100  * !!!main             c_w.l(__main.o)
    0x08000190   0x08000190   0x00000034   Code   RO         3269    !!!scatter          c_w.l(__scatter.o)
    0x080001c4   0x080001c4   0x0000001a   Code   RO         3271    !!handler_copy      c_w.l(__scatter_copy.o)
    0x080001de   0x080001de   0x00000002   PAD
    0x080001e0   0x080001e0   0x0000001c   Code   RO         3273    !!handler_zi        c_w.l(__scatter_zi.o)
    0x080001fc   0x080001fc   0x00000002   Code   RO         3137    .ARM.Collect$$libinit$$00000000  c_w.l(libinit.o)
    0x080001fe   0x080001fe   0x00000004   Code   RO         3149    .ARM.Collect$$libinit$$00000001  c_w.l(libinit2.o)
    0x08000202   0x08000202   0x00000000   Code   RO         3152    .ARM.Collect$$libinit$$00000004  c_w.l(libinit2.o)
    0x08000202   0x08000202   0x00000000   Code   RO         3155    .ARM.Collect$$libinit$$0000000A  c_w.l(libinit2.o)
    0x08000202   0x08000202   0x00000000   Code   RO         3157    .ARM.Collect$$libinit$$0000000C  c_w.l(libinit2.o)
    0x08000202   0x08000202   0x00000000   Code   RO         3159    .ARM.Collect$$libinit$$0000000E  c_w.l(libinit2.o)
    0x08000202   0x08000202   0x00000000   Code   RO         3162    .ARM.Collect$$libinit$$00000011  c_w.l(libinit2.o)
    0x08000202   0x08000202   0x00000000   Code   RO         3164    .ARM.Collect$$libinit$$00000013  c_w.l(libinit2.o)
    0x08000202   0x08000202   0x00000000   Code   RO         3166    .ARM.Collect$$libinit$$00000015  c_w.l(libinit2.o)
    0x08000202   0x08000202   0x00000000   Code   RO         3168    .ARM.Collect$$libinit$$00000017  c_w.l(libinit2.o)
    0x08000202   0x08000202   0x00000000   Code   RO         3170    .ARM.Collect$$libinit$$00000019  c_w.l(libinit2.o)
    0x08000202   0x08000202   0x00000000   Code   RO         3172    .ARM.Collect$$libinit$$0000001B  c_w.l(libinit2.o)
    0x08000202   0x08000202   0x00000000   Code   RO         3174    .ARM.Collect$$libinit$$0000001D  c_w.l(libinit2.o)
    0x08000202   0x08000202   0x00000000   Code   RO         3176    .ARM.Collect$$libinit$$0000001F  c_w.l(libinit2.o)
    0x08000202   0x08000202   0x00000000   Code   RO         3178    .ARM.Collect$$libinit$$00000021  c_w.l(libinit2.o)
    0x08000202   0x08000202   0x00000000   Code   RO         3180    .ARM.Collect$$libinit$$00000023  c_w.l(libinit2.o)
    0x08000202   0x08000202   0x00000000   Code   RO         3182    .ARM.Collect$$libinit$$00000025  c_w.l(libinit2.o)
    0x08000202   0x08000202   0x00000000   Code   RO         3186    .ARM.Collect$$libinit$$0000002C  c_w.l(libinit2.o)
    0x08000202   0x08000202   0x00000000   Code   RO         3188    .ARM.Collect$$libinit$$0000002E  c_w.l(libinit2.o)
    0x08000202   0x08000202   0x00000000   Code   RO         3190    .ARM.Collect$$libinit$$00000030  c_w.l(libinit2.o)
    0x08000202   0x08000202   0x00000000   Code   RO         3192    .ARM.Collect$$libinit$$00000032  c_w.l(libinit2.o)
    0x08000202   0x08000202   0x00000002   Code   RO         3193    .ARM.Collect$$libinit$$00000033  c_w.l(libinit2.o)
    0x08000204   0x08000204   0x00000002   Code   RO         3224    .ARM.Collect$$libshutdown$$00000000  c_w.l(libshutdown.o)
    0x08000206   0x08000206   0x00000000   Code   RO         3250    .ARM.Collect$$libshutdown$$00000002  c_w.l(libshutdown2.o)
    0x08000206   0x08000206   0x00000000   Code   RO         3252    .ARM.Collect$$libshutdown$$00000004  c_w.l(libshutdown2.o)
    0x08000206   0x08000206   0x00000000   Code   RO         3254    .ARM.Collect$$libshutdown$$00000006  c_w.l(libshutdown2.o)
    0x08000206   0x08000206   0x00000000   Code   RO         3257    .ARM.Collect$$libshutdown$$00000009  c_w.l(libshutdown2.o)
    0x08000206   0x08000206   0x00000000   Code   RO         3260    .ARM.Collect$$libshutdown$$0000000C  c_w.l(libshutdown2.o)
    0x08000206   0x08000206   0x00000000   Code   RO         3262    .ARM.Collect$$libshutdown$$0000000E  c_w.l(libshutdown2.o)
    0x08000206   0x08000206   0x00000000   Code   RO         3265    .ARM.Collect$$libshutdown$$00000011  c_w.l(libshutdown2.o)
    0x08000206   0x08000206   0x00000002   Code   RO         3266    .ARM.Collect$$libshutdown$$00000012  c_w.l(libshutdown2.o)
    0x08000208   0x08000208   0x00000000   Code   RO         3102    .ARM.Collect$$rtentry$$00000000  c_w.l(__rtentry.o)
    0x08000208   0x08000208   0x00000000   Code   RO         3108    .ARM.Collect$$rtentry$$00000002  c_w.l(__rtentry2.o)
    0x08000208   0x08000208   0x00000006   Code   RO         3120    .ARM.Collect$$rtentry$$00000004  c_w.l(__rtentry4.o)
    0x0800020e   0x0800020e   0x00000000   Code   RO         3110    .ARM.Collect$$rtentry$$00000009  c_w.l(__rtentry2.o)
    0x0800020e   0x0800020e   0x00000004   Code   RO         3111    .ARM.Collect$$rtentry$$0000000A  c_w.l(__rtentry2.o)
    0x08000212   0x08000212   0x00000000   Code   RO         3113    .ARM.Collect$$rtentry$$0000000C  c_w.l(__rtentry2.o)
    0x08000212   0x08000212   0x00000008   Code   RO         3114    .ARM.Collect$$rtentry$$0000000D  c_w.l(__rtentry2.o)
    0x0800021a   0x0800021a   0x00000002   Code   RO         3141    .ARM.Collect$$rtexit$$00000000  c_w.l(rtexit.o)
    0x0800021c   0x0800021c   0x00000000   Code   RO         3197    .ARM.Collect$$rtexit$$00000002  c_w.l(rtexit2.o)
    0x0800021c   0x0800021c   0x00000004   Code   RO         3198    .ARM.Collect$$rtexit$$00000003  c_w.l(rtexit2.o)
    0x08000220   0x08000220   0x00000006   Code   RO         3199    .ARM.Collect$$rtexit$$00000004  c_w.l(rtexit2.o)
    0x08000226   0x08000226   0x00000002   PAD
    0x08000228   0x08000228   0x00000040   Code   RO            4    .text               startup_stm32f407xx.o
    0x08000268   0x08000268   0x000000ee   Code   RO         3094    .text               c_w.l(lludivv7m.o)
    0x08000356   0x08000356   0x0000004e   Code   RO         3096    .text               c_w.l(rt_memclr_w.o)
    0x080003a4   0x080003a4   0x00000006   Code   RO         3098    .text               c_w.l(heapauxi.o)
    0x080003aa   0x080003aa   0x0000004a   Code   RO         3124    .text               c_w.l(sys_stackheap_outer.o)
    0x080003f4   0x080003f4   0x00000012   Code   RO         3126    .text               c_w.l(exit.o)
    0x08000406   0x08000406   0x00000002   PAD
    0x08000408   0x08000408   0x00000008   Code   RO         3138    .text               c_w.l(libspace.o)
    0x08000410   0x08000410   0x0000000c   Code   RO         3194    .text               c_w.l(sys_exit.o)
    0x0800041c   0x0800041c   0x00000002   Code   RO         3213    .text               c_w.l(use_no_semi.o)
    0x0800041e   0x0800041e   0x00000000   Code   RO         3215    .text               c_w.l(indicate_semi.o)
    0x0800041e   0x0800041e   0x00000002   Code   RO          327    i.BusFault_Handler  stm32f4xx_it.o
    0x08000420   0x08000420   0x000001f0   Code   RO         2639    i.DUOJI_Control     duoji.o
    0x08000610   0x08000610   0x00000002   Code   RO          328    i.DebugMon_Handler  stm32f4xx_it.o
    0x08000612   0x08000612   0x00000002   PAD
    0x08000614   0x08000614   0x0000007c   Code   RO         2640    i.DuoJi_Control     duoji.o
    0x08000690   0x08000690   0x0000008c   Code   RO         2641    i.DuoJi_Init        duoji.o
    0x0800071c   0x0800071c   0x00000006   Code   RO          329    i.EXTI9_5_IRQHandler  stm32f4xx_it.o
    0x08000722   0x08000722   0x00000004   Code   RO           13    i.Error_Handler     main.o
    0x08000726   0x08000726   0x00000002   PAD
    0x08000728   0x08000728   0x00000024   Code   RO         2298    i.HAL_Delay         stm32f4xx_hal.o
    0x0800074c   0x0800074c   0x00000014   Code   RO         2935    i.HAL_GPIO_EXTI_Callback  control.o
    0x08000760   0x08000760   0x00000018   Code   RO         1765    i.HAL_GPIO_EXTI_IRQHandler  stm32f4xx_hal_gpio.o
    0x08000778   0x08000778   0x000001f0   Code   RO         1766    i.HAL_GPIO_Init     stm32f4xx_hal_gpio.o
    0x08000968   0x08000968   0x0000000a   Code   RO         1768    i.HAL_GPIO_ReadPin  stm32f4xx_hal_gpio.o
    0x08000972   0x08000972   0x0000000a   Code   RO         1770    i.HAL_GPIO_WritePin  stm32f4xx_hal_gpio.o
    0x0800097c   0x0800097c   0x0000000c   Code   RO         2304    i.HAL_GetTick       stm32f4xx_hal.o
    0x08000988   0x08000988   0x00000010   Code   RO         2310    i.HAL_IncTick       stm32f4xx_hal.o
    0x08000998   0x08000998   0x00000034   Code   RO         2311    i.HAL_Init          stm32f4xx_hal.o
    0x080009cc   0x080009cc   0x00000040   Code   RO         2312    i.HAL_InitTick      stm32f4xx_hal.o
    0x08000a0c   0x08000a0c   0x00000030   Code   RO          414    i.HAL_MspInit       stm32f4xx_hal_msp.o
    0x08000a3c   0x08000a3c   0x0000001a   Code   RO         2156    i.HAL_NVIC_EnableIRQ  stm32f4xx_hal_cortex.o
    0x08000a56   0x08000a56   0x00000002   PAD
    0x08000a58   0x08000a58   0x00000040   Code   RO         2162    i.HAL_NVIC_SetPriority  stm32f4xx_hal_cortex.o
    0x08000a98   0x08000a98   0x00000024   Code   RO         2163    i.HAL_NVIC_SetPriorityGrouping  stm32f4xx_hal_cortex.o
    0x08000abc   0x08000abc   0x00000134   Code   RO         1412    i.HAL_RCC_ClockConfig  stm32f4xx_hal_rcc.o
    0x08000bf0   0x08000bf0   0x00000060   Code   RO         1421    i.HAL_RCC_GetSysClockFreq  stm32f4xx_hal_rcc.o
    0x08000c50   0x08000c50   0x0000036c   Code   RO         1424    i.HAL_RCC_OscConfig  stm32f4xx_hal_rcc.o
    0x08000fbc   0x08000fbc   0x00000028   Code   RO         2167    i.HAL_SYSTICK_Config  stm32f4xx_hal_cortex.o
    0x08000fe4   0x08000fe4   0x00000002   Code   RO         1144    i.HAL_TIMEx_BreakCallback  stm32f4xx_hal_tim_ex.o
    0x08000fe6   0x08000fe6   0x00000002   Code   RO         1145    i.HAL_TIMEx_CommutCallback  stm32f4xx_hal_tim_ex.o
    0x08000fe8   0x08000fe8   0x00000054   Code   RO         1147    i.HAL_TIMEx_ConfigBreakDeadTime  stm32f4xx_hal_tim_ex.o
    0x0800103c   0x0800103c   0x00000090   Code   RO         1163    i.HAL_TIMEx_MasterConfigSynchronization  stm32f4xx_hal_tim_ex.o
    0x080010cc   0x080010cc   0x0000005a   Code   RO          440    i.HAL_TIM_Base_Init  stm32f4xx_hal_tim.o
    0x08001126   0x08001126   0x00000002   PAD
    0x08001128   0x08001128   0x0000008c   Code   RO          238    i.HAL_TIM_Base_MspInit  tim.o
    0x080011b4   0x080011b4   0x00000080   Code   RO          445    i.HAL_TIM_Base_Start_IT  stm32f4xx_hal_tim.o
    0x08001234   0x08001234   0x000000dc   Code   RO          449    i.HAL_TIM_ConfigClockSource  stm32f4xx_hal_tim.o
    0x08001310   0x08001310   0x000000a4   Code   RO          461    i.HAL_TIM_Encoder_Init  stm32f4xx_hal_tim.o
    0x080013b4   0x080013b4   0x000000a0   Code   RO          240    i.HAL_TIM_Encoder_MspInit  tim.o
    0x08001454   0x08001454   0x0000008e   Code   RO          464    i.HAL_TIM_Encoder_Start  stm32f4xx_hal_tim.o
    0x080014e2   0x080014e2   0x00000002   Code   RO          474    i.HAL_TIM_IC_CaptureCallback  stm32f4xx_hal_tim.o
    0x080014e4   0x080014e4   0x00000130   Code   RO          488    i.HAL_TIM_IRQHandler  stm32f4xx_hal_tim.o
    0x08001614   0x08001614   0x000000bc   Code   RO          241    i.HAL_TIM_MspPostInit  tim.o
    0x080016d0   0x080016d0   0x00000002   Code   RO          491    i.HAL_TIM_OC_DelayElapsedCallback  stm32f4xx_hal_tim.o
    0x080016d2   0x080016d2   0x000000cc   Code   RO          512    i.HAL_TIM_PWM_ConfigChannel  stm32f4xx_hal_tim.o
    0x0800179e   0x0800179e   0x0000005a   Code   RO          515    i.HAL_TIM_PWM_Init  stm32f4xx_hal_tim.o
    0x080017f8   0x080017f8   0x00000002   Code   RO          517    i.HAL_TIM_PWM_MspInit  stm32f4xx_hal_tim.o
    0x080017fa   0x080017fa   0x00000002   Code   RO          518    i.HAL_TIM_PWM_PulseFinishedCallback  stm32f4xx_hal_tim.o
    0x080017fc   0x080017fc   0x000000c8   Code   RO          520    i.HAL_TIM_PWM_Start  stm32f4xx_hal_tim.o
    0x080018c4   0x080018c4   0x000000a0   Code   RO         2936    i.HAL_TIM_PeriodElapsedCallback  control.o
    0x08001964   0x08001964   0x00000002   Code   RO          531    i.HAL_TIM_TriggerCallback  stm32f4xx_hal_tim.o
    0x08001966   0x08001966   0x00000002   Code   RO          330    i.HardFault_Handler  stm32f4xx_it.o
    0x08001968   0x08001968   0x00000164   Code   RO          209    i.MX_GPIO_Init      gpio.o
    0x08001acc   0x08001acc   0x000000d8   Code   RO          242    i.MX_TIM1_Init      tim.o
    0x08001ba4   0x08001ba4   0x00000068   Code   RO          243    i.MX_TIM2_Init      tim.o
    0x08001c0c   0x08001c0c   0x0000006c   Code   RO          244    i.MX_TIM3_Init      tim.o
    0x08001c78   0x08001c78   0x000000c8   Code   RO          245    i.MX_TIM4_Init      tim.o
    0x08001d40   0x08001d40   0x00000044   Code   RO          246    i.MX_TIM6_Init      tim.o
    0x08001d84   0x08001d84   0x000000f8   Code   RO          247    i.MX_TIM8_Init      tim.o
    0x08001e7c   0x08001e7c   0x00000002   Code   RO          331    i.MemManage_Handler  stm32f4xx_it.o
    0x08001e7e   0x08001e7e   0x00000002   PAD
    0x08001e80   0x08001e80   0x00000020   Code   RO         3011    i.Motor_Encoder_Init  encoder.o
    0x08001ea0   0x08001ea0   0x00000054   Code   RO         2588    i.Motor_Init        motor.o
    0x08001ef4   0x08001ef4   0x00000002   Code   RO          332    i.NMI_Handler       stm32f4xx_it.o
    0x08001ef6   0x08001ef6   0x00000002   PAD
    0x08001ef8   0x08001ef8   0x000000cc   Code   RO         2937    i.PID_Calc_Motor_Left  control.o
    0x08001fc4   0x08001fc4   0x000000cc   Code   RO         2938    i.PID_Calc_Motor_Right  control.o
    0x08002090   0x08002090   0x00000044   Code   RO         2939    i.PID_Init          control.o
    0x080020d4   0x080020d4   0x0000005c   Code   RO         2940    i.PID_Motor_Left_Init  control.o
    0x08002130   0x08002130   0x0000005c   Code   RO         2941    i.PID_Motor_Right_Init  control.o
    0x0800218c   0x0800218c   0x000000e8   Code   RO         3044    i.Path_Pl_TaoTong   path_planning.o
    0x08002274   0x08002274   0x0000376c   Code   RO         3045    i.Path_Planning     path_planning.o
    0x080059e0   0x080059e0   0x000002e0   Code   RO         3046    i.Path_Planning_TaoTong  path_planning.o
    0x08005cc0   0x08005cc0   0x00000170   Code   RO         3047    i.Path_Planning_Wuzhua  path_planning.o
    0x08005e30   0x08005e30   0x000008e4   Code   RO         3048    i.Path_Planning_Wuzhua_TaoTong  path_planning.o
    0x08006714   0x08006714   0x00000002   Code   RO          333    i.PendSV_Handler    stm32f4xx_it.o
    0x08006716   0x08006716   0x00000002   PAD
    0x08006718   0x08006718   0x00000028   Code   RO         3012    i.Read_Encoder      encoder.o
    0x08006740   0x08006740   0x00000002   Code   RO          334    i.SVC_Handler       stm32f4xx_it.o
    0x08006742   0x08006742   0x00000002   PAD
    0x08006744   0x08006744   0x00000074   Code   RO         2589    i.Set_Pwm           motor.o
    0x080067b8   0x080067b8   0x00000004   Code   RO          335    i.SysTick_Handler   stm32f4xx_it.o
    0x080067bc   0x080067bc   0x00000094   Code   RO           14    i.SystemClock_Config  main.o
    0x08006850   0x08006850   0x00000010   Code   RO         2550    i.SystemInit        system_stm32f4xx.o
    0x08006860   0x08006860   0x00000078   Code   RO         2725    i.TCS3200_Color_Re  tcs320.o
    0x080068d8   0x080068d8   0x00000034   Code   RO         2726    i.TCS3200_Color_Recognition  tcs320.o
    0x0800690c   0x0800690c   0x00000048   Code   RO         2727    i.TCS3200_Mode      tcs320.o
    0x08006954   0x08006954   0x00000048   Code   RO         2728    i.TCS3200_Mode_Color  tcs320.o
    0x0800699c   0x0800699c   0x00000048   Code   RO         2729    i.TCS3200_Planning  tcs320.o
    0x080069e4   0x080069e4   0x000000a0   Code   RO         2730    i.TCS3200_White_balance  tcs320.o
    0x08006a84   0x08006a84   0x00000024   Code   RO         2731    i.TCS320_Init       tcs320.o
    0x08006aa8   0x08006aa8   0x00000040   Code   RO         2732    i.TCS320_XianFu     tcs320.o
    0x08006ae8   0x08006ae8   0x0000000c   Code   RO          336    i.TIM6_DAC_IRQHandler  stm32f4xx_it.o
    0x08006af4   0x08006af4   0x000000d8   Code   RO          533    i.TIM_Base_SetConfig  stm32f4xx_hal_tim.o
    0x08006bcc   0x08006bcc   0x0000001a   Code   RO          534    i.TIM_CCxChannelCmd  stm32f4xx_hal_tim.o
    0x08006be6   0x08006be6   0x00000014   Code   RO          544    i.TIM_ETR_SetConfig  stm32f4xx_hal_tim.o
    0x08006bfa   0x08006bfa   0x00000010   Code   RO          545    i.TIM_ITRx_SetConfig  stm32f4xx_hal_tim.o
    0x08006c0a   0x08006c0a   0x00000002   PAD
    0x08006c0c   0x08006c0c   0x00000060   Code   RO          546    i.TIM_OC1_SetConfig  stm32f4xx_hal_tim.o
    0x08006c6c   0x08006c6c   0x0000006c   Code   RO          547    i.TIM_OC2_SetConfig  stm32f4xx_hal_tim.o
    0x08006cd8   0x08006cd8   0x00000068   Code   RO          548    i.TIM_OC3_SetConfig  stm32f4xx_hal_tim.o
    0x08006d40   0x08006d40   0x00000050   Code   RO          549    i.TIM_OC4_SetConfig  stm32f4xx_hal_tim.o
    0x08006d90   0x08006d90   0x00000022   Code   RO          551    i.TIM_TI1_ConfigInputStage  stm32f4xx_hal_tim.o
    0x08006db2   0x08006db2   0x00000024   Code   RO          553    i.TIM_TI2_ConfigInputStage  stm32f4xx_hal_tim.o
    0x08006dd6   0x08006dd6   0x00000002   PAD
    0x08006dd8   0x08006dd8   0x00000348   Code   RO         2800    i.TRACKING          track.o
    0x08007120   0x08007120   0x00000344   Code   RO         2801    i.Tracking          track.o
    0x08007464   0x08007464   0x00000150   Code   RO         2802    i.Tracking_1        track.o
    0x080075b4   0x080075b4   0x0000008c   Code   RO         2803    i.Tracking_10       track.o
    0x08007640   0x08007640   0x00000230   Code   RO         2804    i.Tracking_2        track.o
    0x08007870   0x08007870   0x000000c0   Code   RO         2807    i.Tracking_5        track.o
    0x08007930   0x08007930   0x0000054c   Code   RO         2808    i.Tracking_5WuKaui_Mi  track.o
    0x08007e7c   0x08007e7c   0x000000b8   Code   RO         2809    i.Tracking_6        track.o
    0x08007f34   0x08007f34   0x000000bc   Code   RO         2810    i.Tracking_7        track.o
    0x08007ff0   0x08007ff0   0x000000e8   Code   RO         2811    i.Tracking_8        track.o
    0x080080d8   0x080080d8   0x0000013c   Code   RO         2813    i.Tracking_DanWu_DanWu  track.o
    0x08008214   0x08008214   0x000002cc   Code   RO         2814    i.Tracking_Du_Mi    track.o
    0x080084e0   0x080084e0   0x000000ec   Code   RO         2815    i.Tracking_Mi_5WuKaui  track.o
    0x080085cc   0x080085cc   0x000001f0   Code   RO         2816    i.Tracking_Mi_Du    track.o
    0x080087bc   0x080087bc   0x000001f8   Code   RO         2817    i.Tracking_Mi_DuFang  track.o
    0x080089b4   0x080089b4   0x000000cc   Code   RO         2818    i.Tracking_Qi_DanWu  track.o
    0x08008a80   0x08008a80   0x00000002   Code   RO          337    i.UsageFault_Handler  stm32f4xx_it.o
    0x08008a82   0x08008a82   0x00000002   PAD
    0x08008a84   0x08008a84   0x0000087c   Code   RO         2590    i.Yuandi_Zhuan      motor.o
    0x08009300   0x08009300   0x00000020   Code   RO         2169    i.__NVIC_SetPriority  stm32f4xx_hal_cortex.o
    0x08009320   0x08009320   0x000000e8   Code   RO         2650    i.duoji_Control     duoji.o
    0x08009408   0x08009408   0x00000088   Code   RO           15    i.main              main.o
    0x08009490   0x08009490   0x00000008   Code   RO         2591    i.myabs             motor.o
    0x08009498   0x08009498   0x00000314   Code   RO         2733    i.rgb               tcs320.o
    0x080097ac   0x080097ac   0x0000000a   Code   RO         3209    x$fpl$fpinit        fz_wm.l(fpinit.o)
    0x080097b6   0x080097b6   0x00000010   Data   RO         2551    .constdata          system_stm32f4xx.o
    0x080097c6   0x080097c6   0x00000002   PAD
    0x080097c8   0x080097c8   0x0000000c   Data   RO         2944    .constdata          control.o
    0x080097d4   0x080097d4   0x00000020   Data   RO         3267    Region$$Table       anon$$obj.o


    Execution Region RW_IRAM1 (Exec base: 0x20000000, Load base: 0x080097f4, Size: 0x00000968, Max: 0x0001c000, ABSOLUTE)

    Exec Addr    Load Addr    Size         Type   Attr      Idx    E Section Name        Object

    0x20000000   0x080097f4   0x00000014   Data   RW           19    .data               main.o
    0x20000014   0x08009808   0x00000014   Data   RW           20    .data               main.o
    0x20000028   0x0800981c   0x00000004   Data   RW           21    .data               main.o
    0x2000002c   0x08009820   0x00000004   Data   RW           22    .data               main.o
    0x20000030   0x08009824   0x00000004   Data   RW           23    .data               main.o
    0x20000034   0x08009828   0x00000004   Data   RW           24    .data               main.o
    0x20000038   0x0800982c   0x00000004   Data   RW           25    .data               main.o
    0x2000003c   0x08009830   0x00000004   Data   RW           26    .data               main.o
    0x20000040   0x08009834   0x00000004   Data   RW           27    .data               main.o
    0x20000044   0x08009838   0x00000004   Data   RW           28    .data               main.o
    0x20000048   0x0800983c   0x00000004   Data   RW           29    .data               main.o
    0x2000004c   0x08009840   0x00000004   Data   RW           30    .data               main.o
    0x20000050   0x08009844   0x00000004   Data   RW           31    .data               main.o
    0x20000054   0x08009848   0x00000004   Data   RW           32    .data               main.o
    0x20000058   0x0800984c   0x00000002   Data   RW           33    .data               main.o
    0x2000005a   0x0800984e   0x00000002   Data   RW           34    .data               main.o
    0x2000005c   0x08009850   0x00000002   Data   RW           37    .data               main.o
    0x2000005e   0x08009852   0x00000002   Data   RW           38    .data               main.o
    0x20000060   0x08009854   0x00000002   Data   RW           39    .data               main.o
    0x20000062   0x08009856   0x0000000a   Data   RW           40    .data               main.o
    0x2000006c   0x08009860   0x00000002   Data   RW           41    .data               main.o
    0x2000006e   0x08009862   0x00000002   Data   RW           42    .data               main.o
    0x20000070   0x08009864   0x00000002   Data   RW           43    .data               main.o
    0x20000072   0x08009866   0x00000002   Data   RW           44    .data               main.o
    0x20000074   0x08009868   0x00000002   Data   RW           45    .data               main.o
    0x20000076   0x0800986a   0x00000002   Data   RW           46    .data               main.o
    0x20000078   0x0800986c   0x00000004   Data   RW           47    .data               main.o
    0x2000007c   0x08009870   0x00000004   Data   RW           48    .data               main.o
    0x20000080   0x08009874   0x00000004   Data   RW           49    .data               main.o
    0x20000084   0x08009878   0x00000004   Data   RW           50    .data               main.o
    0x20000088   0x0800987c   0x00000004   Data   RW           51    .data               main.o
    0x2000008c   0x08009880   0x0000000c   Data   RW         2318    .data               stm32f4xx_hal.o
    0x20000098   0x0800988c   0x00000004   Data   RW         2553    .data               system_stm32f4xx.o
    0x2000009c        -       0x0000000c   Zero   RW           16    .bss                main.o
    0x200000a8        -       0x00000014   Zero   RW           17    .bss                main.o
    0x200000bc        -       0x0000000c   Zero   RW           18    .bss                main.o
    0x200000c8        -       0x000001b0   Zero   RW          248    .bss                tim.o
    0x20000278        -       0x00000090   Zero   RW         2943    .bss                control.o
    0x20000308        -       0x00000060   Zero   RW         3139    .bss                c_w.l(libspace.o)
    0x20000368        -       0x00000200   Zero   RW            2    HEAP                startup_stm32f407xx.o
    0x20000568        -       0x00000400   Zero   RW            1    STACK               startup_stm32f407xx.o


    Execution Region RW_IRAM2 (Exec base: 0x2001c000, Load base: 0x08009890, Size: 0x00000000, Max: 0x00004000, ABSOLUTE)

    **** No section assigned to this execution region ****


==============================================================================

Image component sizes


      Code (inc. data)   RO Data    RW Data    ZI Data      Debug   Object Name

       840         78         12          0        144       6762   control.o
       992         80          0          0          0       4867   duoji.o
        72         14          0          0          0       1144   encoder.o
       356         24          0          0          0       1127   gpio.o
       288         18          0        140         44     685474   main.o
      2380        180          0          0          0       3698   motor.o
     17800        568          0          0          0      23900   path_planning.o
        64         26        392          0       1536        844   startup_stm32f407xx.o
       180         28          0         12          0       9409   stm32f4xx_hal.o
       198         14          0          0          0      33823   stm32f4xx_hal_cortex.o
       540         52          0          0          0       3478   stm32f4xx_hal_gpio.o
        48          6          0          0          0        854   stm32f4xx_hal_msp.o
      1280         48          0          0          0       4050   stm32f4xx_hal_rcc.o
      2288        138          0          0          0      19017   stm32f4xx_hal_tim.o
       232         28          0          0          0       3305   stm32f4xx_hal_tim_ex.o
        38          6          0          0          0       5105   stm32f4xx_it.o
        16          4         16          4          0       1127   system_stm32f4xx.o
      1436        122          0          0          0       5602   tcs320.o
      1432        112          0          0        432       7023   tim.o
      7336        830          0          0          0      13428   track.o

    ----------------------------------------------------------------------
     37838       2376        454        156       2156     834037   Object Totals
         0          0         32          0          0          0   (incl. Generated)
        22          0          2          0          0          0   (incl. Padding)

    ----------------------------------------------------------------------

      Code (inc. data)   RO Data    RW Data    ZI Data      Debug   Library Member Name

         8          0          0          0          0         68   __main.o
         0          0          0          0          0          0   __rtentry.o
        12          0          0          0          0          0   __rtentry2.o
         6          0          0          0          0          0   __rtentry4.o
        52          8          0          0          0          0   __scatter.o
        26          0          0          0          0          0   __scatter_copy.o
        28          0          0          0          0          0   __scatter_zi.o
        18          0          0          0          0         80   exit.o
         6          0          0          0          0        152   heapauxi.o
         0          0          0          0          0          0   indicate_semi.o
         2          0          0          0          0          0   libinit.o
         6          0          0          0          0          0   libinit2.o
         2          0          0          0          0          0   libshutdown.o
         2          0          0          0          0          0   libshutdown2.o
         8          4          0          0         96         68   libspace.o
       238          0          0          0          0        100   lludivv7m.o
        78          0          0          0          0         80   rt_memclr_w.o
         2          0          0          0          0          0   rtexit.o
        10          0          0          0          0          0   rtexit2.o
        12          4          0          0          0         68   sys_exit.o
        74          0          0          0          0         80   sys_stackheap_outer.o
         2          0          0          0          0         68   use_no_semi.o
        10          0          0          0          0        116   fpinit.o

    ----------------------------------------------------------------------
       608         16          0          0         96        880   Library Totals
         6          0          0          0          0          0   (incl. Padding)

    ----------------------------------------------------------------------

      Code (inc. data)   RO Data    RW Data    ZI Data      Debug   Library Name

       592         16          0          0         96        764   c_w.l
        10          0          0          0          0        116   fz_wm.l

    ----------------------------------------------------------------------
       608         16          0          0         96        880   Library Totals

    ----------------------------------------------------------------------

==============================================================================


      Code (inc. data)   RO Data    RW Data    ZI Data      Debug   

     38446       2392        454        156       2252     824157   Grand Totals
     38446       2392        454        156       2252     824157   ELF Image Totals
     38446       2392        454        156          0          0   ROM Totals

==============================================================================

    Total RO  Size (Code + RO Data)                38900 (  37.99kB)
    Total RW  Size (RW Data + ZI Data)              2408 (   2.35kB)
    Total ROM Size (Code + RO Data + RW Data)      39056 (  38.14kB)

==============================================================================

